Archive member included to satisfy reference by file (symbol)

/usr/lib/gcc/arm-none-eabi/13.2.0/../../../../arm-none-eabi/lib/thumb/v7e-m+fp/hard/libc_nano.a(lib_a-atexit.o)
                              /usr/lib/gcc/arm-none-eabi/13.2.0/../../../../arm-none-eabi/lib/thumb/v7e-m+fp/hard/crt0.o (atexit)
/usr/lib/gcc/arm-none-eabi/13.2.0/../../../../arm-none-eabi/lib/thumb/v7e-m+fp/hard/libc_nano.a(lib_a-errno.o)
                              build/sysmem.o (__errno)
/usr/lib/gcc/arm-none-eabi/13.2.0/../../../../arm-none-eabi/lib/thumb/v7e-m+fp/hard/libc_nano.a(lib_a-exit.o)
                              /usr/lib/gcc/arm-none-eabi/13.2.0/../../../../arm-none-eabi/lib/thumb/v7e-m+fp/hard/crt0.o (exit)
/usr/lib/gcc/arm-none-eabi/13.2.0/../../../../arm-none-eabi/lib/thumb/v7e-m+fp/hard/libc_nano.a(lib_a-fini.o)
                              /usr/lib/gcc/arm-none-eabi/13.2.0/../../../../arm-none-eabi/lib/thumb/v7e-m+fp/hard/crt0.o (__libc_fini_array)
/usr/lib/gcc/arm-none-eabi/13.2.0/../../../../arm-none-eabi/lib/thumb/v7e-m+fp/hard/libc_nano.a(lib_a-impure.o)
                              /usr/lib/gcc/arm-none-eabi/13.2.0/../../../../arm-none-eabi/lib/thumb/v7e-m+fp/hard/libc_nano.a(lib_a-exit.o) (_global_impure_ptr)
/usr/lib/gcc/arm-none-eabi/13.2.0/../../../../arm-none-eabi/lib/thumb/v7e-m+fp/hard/libc_nano.a(lib_a-init.o)
                              /usr/lib/gcc/arm-none-eabi/13.2.0/../../../../arm-none-eabi/lib/thumb/v7e-m+fp/hard/crt0.o (__libc_init_array)
/usr/lib/gcc/arm-none-eabi/13.2.0/../../../../arm-none-eabi/lib/thumb/v7e-m+fp/hard/libc_nano.a(lib_a-memcpy-stub.o)
                              build/queue.o (memcpy)
/usr/lib/gcc/arm-none-eabi/13.2.0/../../../../arm-none-eabi/lib/thumb/v7e-m+fp/hard/libc_nano.a(lib_a-memset.o)
                              /usr/lib/gcc/arm-none-eabi/13.2.0/../../../../arm-none-eabi/lib/thumb/v7e-m+fp/hard/crt0.o (memset)
/usr/lib/gcc/arm-none-eabi/13.2.0/../../../../arm-none-eabi/lib/thumb/v7e-m+fp/hard/libc_nano.a(lib_a-printf.o)
                              build/main.o (printf)
/usr/lib/gcc/arm-none-eabi/13.2.0/../../../../arm-none-eabi/lib/thumb/v7e-m+fp/hard/libc_nano.a(lib_a-__atexit.o)
                              /usr/lib/gcc/arm-none-eabi/13.2.0/../../../../arm-none-eabi/lib/thumb/v7e-m+fp/hard/libc_nano.a(lib_a-atexit.o) (__register_exitproc)
/usr/lib/gcc/arm-none-eabi/13.2.0/../../../../arm-none-eabi/lib/thumb/v7e-m+fp/hard/libc_nano.a(lib_a-__call_atexit.o)
                              /usr/lib/gcc/arm-none-eabi/13.2.0/../../../../arm-none-eabi/lib/thumb/v7e-m+fp/hard/libc_nano.a(lib_a-__atexit.o) (__call_exitprocs)
/usr/lib/gcc/arm-none-eabi/13.2.0/../../../../arm-none-eabi/lib/thumb/v7e-m+fp/hard/libc_nano.a(lib_a-findfp.o)
                              /usr/lib/gcc/arm-none-eabi/13.2.0/../../../../arm-none-eabi/lib/thumb/v7e-m+fp/hard/libc_nano.a(lib_a-printf.o) (__sinit)
/usr/lib/gcc/arm-none-eabi/13.2.0/../../../../arm-none-eabi/lib/thumb/v7e-m+fp/hard/libc_nano.a(lib_a-fwalk.o)
                              /usr/lib/gcc/arm-none-eabi/13.2.0/../../../../arm-none-eabi/lib/thumb/v7e-m+fp/hard/libc_nano.a(lib_a-findfp.o) (_fwalk)
/usr/lib/gcc/arm-none-eabi/13.2.0/../../../../arm-none-eabi/lib/thumb/v7e-m+fp/hard/libc_nano.a(lib_a-lock.o)
                              /usr/lib/gcc/arm-none-eabi/13.2.0/../../../../arm-none-eabi/lib/thumb/v7e-m+fp/hard/libc_nano.a(lib_a-findfp.o) (__retarget_lock_init_recursive)
/usr/lib/gcc/arm-none-eabi/13.2.0/../../../../arm-none-eabi/lib/thumb/v7e-m+fp/hard/libc_nano.a(lib_a-nano-mallocr.o)
                              /usr/lib/gcc/arm-none-eabi/13.2.0/../../../../arm-none-eabi/lib/thumb/v7e-m+fp/hard/libc_nano.a(lib_a-findfp.o) (_malloc_r)
/usr/lib/gcc/arm-none-eabi/13.2.0/../../../../arm-none-eabi/lib/thumb/v7e-m+fp/hard/libc_nano.a(lib_a-nano-vfprintf.o)
                              /usr/lib/gcc/arm-none-eabi/13.2.0/../../../../arm-none-eabi/lib/thumb/v7e-m+fp/hard/libc_nano.a(lib_a-printf.o) (_vfprintf_r)
/usr/lib/gcc/arm-none-eabi/13.2.0/../../../../arm-none-eabi/lib/thumb/v7e-m+fp/hard/libc_nano.a(lib_a-nano-vfprintf_i.o)
                              /usr/lib/gcc/arm-none-eabi/13.2.0/../../../../arm-none-eabi/lib/thumb/v7e-m+fp/hard/libc_nano.a(lib_a-nano-vfprintf.o) (_printf_i)
/usr/lib/gcc/arm-none-eabi/13.2.0/../../../../arm-none-eabi/lib/thumb/v7e-m+fp/hard/libc_nano.a(lib_a-sbrkr.o)
                              /usr/lib/gcc/arm-none-eabi/13.2.0/../../../../arm-none-eabi/lib/thumb/v7e-m+fp/hard/libc_nano.a(lib_a-nano-mallocr.o) (_sbrk_r)
/usr/lib/gcc/arm-none-eabi/13.2.0/../../../../arm-none-eabi/lib/thumb/v7e-m+fp/hard/libc_nano.a(lib_a-stdio.o)
                              /usr/lib/gcc/arm-none-eabi/13.2.0/../../../../arm-none-eabi/lib/thumb/v7e-m+fp/hard/libc_nano.a(lib_a-findfp.o) (__sread)
/usr/lib/gcc/arm-none-eabi/13.2.0/../../../../arm-none-eabi/lib/thumb/v7e-m+fp/hard/libc_nano.a(lib_a-wbuf.o)
[...]
Memory Configuration

Name             Origin             Length             Attributes
RAM              0x20000000         0x00003000         xrw
CCMRAM           0x10000000         0x00001000         xrw
FLASH            0x08000000         0x00010000         xr
*default*        0x00000000         0xffffffff

Linker script and memory map

LOAD /usr/lib/gcc/arm-none-eabi/13.2.0/thumb/v7e-m+fp/hard/crti.o
LOAD /usr/lib/gcc/arm-none-eabi/13.2.0/thumb/v7e-m+fp/hard/crtbegin.o
LOAD /usr/lib/gcc/arm-none-eabi/13.2.0/../../../../arm-none-eabi/lib/thumb/v7e-m+fp/hard/crt0.o
LOAD build/main.o
LOAD build/stm32f3xx_it.o
LOAD build/stm32f3xx_hal_msp.o
LOAD build/stm32f3xx_hal_uart.o
LOAD build/stm32f3xx_hal_uart_ex.o
LOAD build/stm32f3xx_hal.o
LOAD build/stm32f3xx_hal_rcc.o
LOAD build/stm32f3xx_hal_rcc_ex.o
LOAD build/stm32f3xx_hal_gpio.o
LOAD build/stm32f3xx_hal_dma.o
LOAD build/stm32f3xx_hal_cortex.o
LOAD build/stm32f3xx_hal_pwr.o
LOAD build/stm32f3xx_hal_pwr_ex.o
LOAD build/stm32f3xx_hal_flash.o
LOAD build/stm32f3xx_hal_flash_ex.o
LOAD build/stm32f3xx_hal_i2c.o
LOAD build/stm32f3xx_hal_i2c_ex.o
LOAD build/stm32f3xx_hal_exti.o
LOAD build/system_stm32f3xx.o
LOAD build/sysmem.o
LOAD build/syscalls.o
LOAD build/freertos.o
LOAD build/stm32f3xx_hal_timebase_tim.o
LOAD build/stm32f3xx_hal_tim.o
LOAD build/stm32f3xx_hal_tim_ex.o
LOAD build/croutine.o
LOAD build/event_groups.o
LOAD build/list.o
LOAD build/queue.o
LOAD build/stream_buffer.o
LOAD build/tasks.o
LOAD build/timers.o
LOAD build/heap_4.o
LOAD build/port.o
LOAD build/cmsis_os.o
LOAD build/stm32f3xx_hal_spi.o
LOAD build/stm32f3xx_hal_spi_ex.o
LOAD build/startup_stm32f303x8.o
LOAD /usr/lib/gcc/arm-none-eabi/13.2.0/../../../../arm-none-eabi/lib/thumb/v7e-m+fp/hard/libc_nano.a
LOAD /usr/lib/gcc/arm-none-eabi/13.2.0/../../../../arm-none-eabi/lib/thumb/v7e-m+fp/hard/libm.a
LOAD /usr/lib/gcc/arm-none-eabi/13.2.0/../../../../arm-none-eabi/lib/thumb/v7e-m+fp/hard/libnosys.a
START GROUP
LOAD /usr/lib/gcc/arm-none-eabi/13.2.0/thumb/v7e-m+fp/hard/libgcc.a
LOAD /usr/lib/gcc/arm-none-eabi/13.2.0/../../../../arm-none-eabi/lib/thumb/v7e-m+fp/hard/libc_nano.a
END GROUP
START GROUP
LOAD /usr/lib/gcc/arm-none-eabi/13.2.0/thumb/v7e-m+fp/hard/libgcc.a
LOAD /usr/lib/gcc/arm-none-eabi/13.2.0/../../../../arm-none-eabi/lib/thumb/v7e-m+fp/hard/libc_nano.a
END GROUP
LOAD /usr/lib/gcc/arm-none-eabi/13.2.0/thumb/v7e-m+fp/hard/crtend.o
LOAD /usr/lib/gcc/arm-none-eabi/13.2.0/thumb/v7e-m+fp/hard/crtn.o
                0x20003000                        _estack = (ORIGIN (RAM) + LENGTH (RAM))
                0x00000200                        _Min_Heap_Size = 0x200
                0x00000400                        _Min_Stack_Size = 0x400

.isr_vector     0x08000000      0x188
                0x08000000                        . = ALIGN (0x4)
 *(.isr_vector)
 .isr_vector    0x08000000      0x188 build/startup_stm32f303x8.o
                0x08000000                g_pfnVectors
                0x08000188                        . = ALIGN (0x4)

.text           0x08000190     0x4d78
                0x08000190                        . = ALIGN (0x4)
 *(.text)
 .text          0x08000190       0x88 /usr/lib/gcc/arm-none-eabi/13.2.0/thumb/v7e-m+fp/hard/crtbegin.o
 *fill*         0x08000218        0x8 
 .text          0x08000220       0xa0 /usr/lib/gcc/arm-none-eabi/13.2.0/../../../../arm-none-eabi/lib/thumb/v7e-m+fp/hard/libc_nano.a(lib_a-memchr.o)
                0x08000220                memchr
 *(.text*)
 .text.MX_GPIO_Init
                0x080002c0       0x74 build/main.o
 .text.StartDefaultTask
                0x08000334       0x54 build/main.o
                0x08000334                StartDefaultTask
 .text.HAL_TIM_PeriodElapsedCallback
                0x08000388       0x18 build/main.o
                0x08000388                HAL_TIM_PeriodElapsedCallback
 .text.Error_Handler
                0x080003a0       0x10 build/main.o
                0x080003a0                Error_Handler
 .text.MX_USART2_UART_Init
                0x080003b0       0x38 build/main.o
 .text.MX_I2C1_Init
                0x080003e8       0x54 build/main.o
 .text.MX_SPI1_Init
                0x0800043c       0x48 build/main.o
 .text.ReadPressureSensor
                0x08000484       0x4c build/main.o
                0x08000484                ReadPressureSensor
 .text.ReadTemperatureSensor
                0x080004d0       0x4c build/main.o
                0x080004d0                ReadTemperatureSensor
 .text.start_sensor_read
                0x0800051c       0xb8 build/main.o
                0x0800051c                start_sensor_read
 .text.SystemClock_Config
                0x080005d4       0x72 build/main.o
                0x080005d4                SystemClock_Config
 *fill*         0x08000646        0x2 
 .text.main     0x08000648       0x78 build/main.o
                0x08000648                main
 .text.NMI_Handler
                0x080006c0        0x2 build/stm32f3xx_it.o
                0x080006c0                NMI_Handler
 .text.HardFault_Handler
                0x080006c2        0x2 build/stm32f3xx_it.o
                0x080006c2                HardFault_Handler
 .text.MemManage_Handler
                0x080006c4        0x2 build/stm32f3xx_it.o
                0x080006c4                MemManage_Handler
 .text.BusFault_Handler
                0x080006c6        0x2 build/stm32f3xx_it.o
                0x080006c6                BusFault_Handler
 .text.UsageFault_Handler
                0x080006c8        0x2 build/stm32f3xx_it.o
                0x080006c8                UsageFault_Handler
 .text.DebugMon_Handler
                0x080006ca        0x2 build/stm32f3xx_it.o
                0x080006ca                DebugMon_Handler
 .text.TIM6_DAC1_IRQHandler
                0x080006cc       0x10 build/stm32f3xx_it.o
                0x080006cc                TIM6_DAC1_IRQHandler
 .text.HAL_MspInit
                0x080006dc       0x40 build/stm32f3xx_hal_msp.o
                0x080006dc                HAL_MspInit
 .text.HAL_I2C_MspInit
                0x0800071c       0x68 build/stm32f3xx_hal_msp.o
                0x0800071c                HAL_I2C_MspInit
 .text.HAL_SPI_MspInit
                0x08000784       0x68 build/stm32f3xx_hal_msp.o
                0x08000784                HAL_SPI_MspInit
 .text.HAL_UART_MspInit
                0x080007ec       0x68 build/stm32f3xx_hal_msp.o
                0x080007ec                HAL_UART_MspInit
 .text.UART_EndRxTransfer
                0x08000854       0x52 build/stm32f3xx_hal_uart.o
 *fill*         0x080008a6        0x2 
 .text.UART_SetConfig
                0x080008a8      0x164 build/stm32f3xx_hal_uart.o
                0x080008a8                UART_SetConfig
 .text.UART_AdvFeatureConfig
                0x08000a0c       0xca build/stm32f3xx_hal_uart.o
                0x08000a0c                UART_AdvFeatureConfig
 .text.UART_WaitOnFlagUntilTimeout
                0x08000ad6       0x9e build/stm32f3xx_hal_uart.o
                0x08000ad6                UART_WaitOnFlagUntilTimeout
 .text.UART_CheckIdleState
                0x08000b74       0xc6 build/stm32f3xx_hal_uart.o
                0x08000b74                UART_CheckIdleState
 .text.HAL_UART_Init
                0x08000c3a       0x62 build/stm32f3xx_hal_uart.o
                0x08000c3a                HAL_UART_Init
 .text.HAL_Init
                0x08000c9c       0x24 build/stm32f3xx_hal.o
                0x08000c9c                HAL_Init
 .text.HAL_IncTick
                0x08000cc0       0x18 build/stm32f3xx_hal.o
                0x08000cc0                HAL_IncTick
 .text.HAL_GetTick
                0x08000cd8        0xc build/stm32f3xx_hal.o
                0x08000cd8                HAL_GetTick
 .text.HAL_RCC_OscConfig
                0x08000ce4      0x630 build/stm32f3xx_hal_rcc.o
                0x08000ce4                HAL_RCC_OscConfig
 .text.HAL_RCC_GetSysClockFreq
                0x08001314       0x54 build/stm32f3xx_hal_rcc.o
                0x08001314                HAL_RCC_GetSysClockFreq
 .text.HAL_RCC_ClockConfig
                0x08001368      0x1a8 build/stm32f3xx_hal_rcc.o
                0x08001368                HAL_RCC_ClockConfig
 .text.HAL_RCC_GetHCLKFreq
                0x08001510        0xc build/stm32f3xx_hal_rcc.o
                0x08001510                HAL_RCC_GetHCLKFreq
 .text.HAL_RCC_GetPCLK1Freq
                0x0800151c       0x2c build/stm32f3xx_hal_rcc.o
                0x0800151c                HAL_RCC_GetPCLK1Freq
 .text.HAL_RCC_GetPCLK2Freq
                0x08001548       0x2c build/stm32f3xx_hal_rcc.o
                0x08001548                HAL_RCC_GetPCLK2Freq
 .text.HAL_RCC_GetClockConfig
                0x08001574       0x3c build/stm32f3xx_hal_rcc.o
                0x08001574                HAL_RCC_GetClockConfig
 .text.HAL_RCCEx_PeriphCLKConfig
                0x080015b0      0x18c build/stm32f3xx_hal_rcc_ex.o
                0x080015b0                HAL_RCCEx_PeriphCLKConfig
 .text.HAL_GPIO_Init
                0x0800173c      0x1bc build/stm32f3xx_hal_gpio.o
                0x0800173c                HAL_GPIO_Init
 .text.HAL_GPIO_WritePin
                0x080018f8        0xa build/stm32f3xx_hal_gpio.o
                0x080018f8                HAL_GPIO_WritePin
 .text.HAL_GPIO_TogglePin
                0x08001902       0x12 build/stm32f3xx_hal_gpio.o
                0x08001902                HAL_GPIO_TogglePin
 .text.__NVIC_SetPriority
                0x08001914       0x28 build/stm32f3xx_hal_cortex.o
 .text.NVIC_EncodePriority
                0x0800193c       0x3e build/stm32f3xx_hal_cortex.o
 *fill*         0x0800197a        0x2 
 .text.HAL_NVIC_SetPriorityGrouping
                0x0800197c       0x24 build/stm32f3xx_hal_cortex.o
                0x0800197c                HAL_NVIC_SetPriorityGrouping
 .text.HAL_NVIC_SetPriority
                0x080019a0       0x20 build/stm32f3xx_hal_cortex.o
                0x080019a0                HAL_NVIC_SetPriority
 .text.HAL_NVIC_EnableIRQ
                0x080019c0       0x1c build/stm32f3xx_hal_cortex.o
                0x080019c0                HAL_NVIC_EnableIRQ
 .text.I2C_Flush_TXDR
                0x080019dc       0x22 build/stm32f3xx_hal_i2c.o
 .text.I2C_TransferConfig
                0x080019fe       0x3c build/stm32f3xx_hal_i2c.o
 .text.I2C_IsErrorOccurred
                0x08001a3a      0x114 build/stm32f3xx_hal_i2c.o
 .text.I2C_WaitOnFlagUntilTimeout
                0x08001b4e       0x7c build/stm32f3xx_hal_i2c.o
 .text.I2C_WaitOnSTOPFlagUntilTimeout
                0x08001bca       0x5e build/stm32f3xx_hal_i2c.o
 .text.I2C_WaitOnRXNEFlagUntilTimeout
                0x08001c28       0xaa build/stm32f3xx_hal_i2c.o
 .text.HAL_I2C_Init
                0x08001cd2       0xc8 build/stm32f3xx_hal_i2c.o
                0x08001cd2                HAL_I2C_Init
 *fill*         0x08001d9a        0x2 
 .text.HAL_I2C_Master_Receive
                0x08001d9c      0x17c build/stm32f3xx_hal_i2c.o
                0x08001d9c                HAL_I2C_Master_Receive
 .text.HAL_I2CEx_ConfigAnalogFilter
                0x08001f18       0x5c build/stm32f3xx_hal_i2c_ex.o
                0x08001f18                HAL_I2CEx_ConfigAnalogFilter
 .text.HAL_I2CEx_ConfigDigitalFilter
                0x08001f74       0x58 build/stm32f3xx_hal_i2c_ex.o
                0x08001f74                HAL_I2CEx_ConfigDigitalFilter
 .text.SystemInit
                0x08001fcc       0x14 build/system_stm32f3xx.o
                0x08001fcc                SystemInit
 .text._sbrk    0x08001fe0       0x48 build/sysmem.o
                0x08001fe0                _sbrk
 .text._read    0x08002028       0x20 build/syscalls.o
                0x08002028                _read
 .text._write   0x08002048       0x1c build/syscalls.o
                0x08002048                _write
 .text._close   0x08002064        0x6 build/syscalls.o
                0x08002064                _close
 .text._fstat   0x0800206a        0xa build/syscalls.o
                0x0800206a                _fstat
 .text._isatty  0x08002074        0x4 build/syscalls.o
                0x08002074                _isatty
 .text._lseek   0x08002078        0x4 build/syscalls.o
                0x08002078                _lseek
 .text.vApplicationGetIdleTaskMemory
                0x0800207c       0x18 build/freertos.o
                0x0800207c                vApplicationGetIdleTaskMemory
 .text.HAL_InitTick
                0x08002094       0xa0 build/stm32f3xx_hal_timebase_tim.o
                0x08002094                HAL_InitTick
 .text.HAL_TIM_Base_MspInit
                0x08002134        0x2 build/stm32f3xx_hal_tim.o
                0x08002134                HAL_TIM_Base_MspInit
 *fill*         0x08002136        0x2 
 .text.HAL_TIM_Base_Start_IT
                0x08002138       0x74 build/stm32f3xx_hal_tim.o
                0x08002138                HAL_TIM_Base_Start_IT
 .text.HAL_TIM_OC_DelayElapsedCallback
                0x080021ac        0x2 build/stm32f3xx_hal_tim.o
                0x080021ac                HAL_TIM_OC_DelayElapsedCallback
 .text.HAL_TIM_IC_CaptureCallback
                0x080021ae        0x2 build/stm32f3xx_hal_tim.o
                0x080021ae                HAL_TIM_IC_CaptureCallback
 .text.HAL_TIM_PWM_PulseFinishedCallback
                0x080021b0        0x2 build/stm32f3xx_hal_tim.o
                0x080021b0                HAL_TIM_PWM_PulseFinishedCallback
 .text.HAL_TIM_TriggerCallback
                0x080021b2        0x2 build/stm32f3xx_hal_tim.o
                0x080021b2                HAL_TIM_TriggerCallback
 .text.HAL_TIM_IRQHandler
                0x080021b4      0x17a build/stm32f3xx_hal_tim.o
                0x080021b4                HAL_TIM_IRQHandler
 *fill*         0x0800232e        0x2 
 .text.TIM_Base_SetConfig
                0x08002330       0xa0 build/stm32f3xx_hal_tim.o
                0x08002330                TIM_Base_SetConfig
 .text.HAL_TIM_Base_Init
                0x080023d0       0x60 build/stm32f3xx_hal_tim.o
                0x080023d0                HAL_TIM_Base_Init
 .text.HAL_TIMEx_CommutCallback
                0x08002430        0x2 build/stm32f3xx_hal_tim_ex.o
                0x08002430                HAL_TIMEx_CommutCallback
 .text.HAL_TIMEx_BreakCallback
                0x08002432        0x2 build/stm32f3xx_hal_tim_ex.o
                0x08002432                HAL_TIMEx_BreakCallback
 .text.HAL_TIMEx_Break2Callback
                0x08002434        0x2 build/stm32f3xx_hal_tim_ex.o
                0x08002434                HAL_TIMEx_Break2Callback
 .text.vListInitialise
                0x08002436       0x16 build/list.o
                0x08002436                vListInitialise
 .text.vListInitialiseItem
                0x0800244c        0x6 build/list.o
                0x0800244c                vListInitialiseItem
 .text.vListInsertEnd
                0x08002452       0x16 build/list.o
                0x08002452                vListInsertEnd
 .text.vListInsert
                0x08002468       0x32 build/list.o
                0x08002468                vListInsert
 .text.uxListRemove
                0x0800249a       0x26 build/list.o
                0x0800249a                uxListRemove
 .text.prvGetDisinheritPriorityAfterTimeout
                0x080024c0       0x10 build/queue.o
 .text.prvIsQueueFull
                0x080024d0       0x1e build/queue.o
 .text.prvIsQueueEmpty
                0x080024ee       0x1a build/queue.o
 .text.prvCopyDataToQueue
                0x08002508       0x76 build/queue.o
 .text.prvCopyDataFromQueue
                0x0800257e       0x24 build/queue.o
 .text.prvUnlockQueue
                0x080025a2       0x6e build/queue.o
 .text.xQueueGenericReset
                0x08002610       0x84 build/queue.o
                0x08002610                xQueueGenericReset
 .text.prvInitialiseNewQueue
                0x08002694       0x1c build/queue.o
 .text.xQueueGenericCreateStatic
                0x080026b0       0x92 build/queue.o
                0x080026b0                xQueueGenericCreateStatic
 .text.xQueueGenericCreate
                0x08002742       0x4e build/queue.o
                0x08002742                xQueueGenericCreate
 .text.xQueueGenericSend
                0x08002790      0x188 build/queue.o
                0x08002790                xQueueGenericSend
 .text.prvInitialiseMutex
                0x08002918       0x18 build/queue.o
 .text.xQueueCreateMutex
                0x08002930       0x16 build/queue.o
                0x08002930                xQueueCreateMutex
 .text.xQueueCreateMutexStatic
                0x08002946       0x1e build/queue.o
                0x08002946                xQueueCreateMutexStatic
 .text.xQueueGiveFromISR
                0x08002964       0xb2 build/queue.o
                0x08002964                xQueueGiveFromISR
 .text.xQueueSemaphoreTake
                0x08002a16      0x1a6 build/queue.o
                0x08002a16                xQueueSemaphoreTake
 .text.xQueueReceiveFromISR
                0x08002bbc       0xae build/queue.o
                0x08002bbc                xQueueReceiveFromISR
 *fill*         0x08002c6a        0x2 
 .text.prvResetNextTaskUnblockTime
                0x08002c6c       0x2c build/tasks.o
 .text.prvInitialiseNewTask
                0x08002c98       0x90 build/tasks.o
 .text.prvInitialiseTaskLists
                0x08002d28       0x68 build/tasks.o
 .text.prvAddNewTaskToReadyList
                0x08002d90       0xa8 build/tasks.o
 .text.prvDeleteTCB
                0x08002e38       0x38 build/tasks.o
 .text.prvCheckTasksWaitingTermination
                0x08002e70       0x4c build/tasks.o
 .text.prvIdleTask
                0x08002ebc       0x28 build/tasks.o
 .text.prvAddCurrentTaskToDelayedList
                0x08002ee4       0x98 build/tasks.o
 .text.xTaskCreateStatic
                0x08002f7c       0x74 build/tasks.o
                0x08002f7c                xTaskCreateStatic
 .text.xTaskCreate
                0x08002ff0       0x64 build/tasks.o
                0x08002ff0                xTaskCreate
 .text.vTaskStartScheduler
                0x08003054       0x74 build/tasks.o
                0x08003054                vTaskStartScheduler
 .text.vTaskSuspendAll
                0x080030c8       0x10 build/tasks.o
                0x080030c8                vTaskSuspendAll
 .text.xTaskIncrementTick
                0x080030d8      0x118 build/tasks.o
                0x080030d8                xTaskIncrementTick
 .text.xTaskResumeAll
                0x080031f0       0xf8 build/tasks.o
                0x080031f0                xTaskResumeAll
 .text.vTaskDelay
                0x080032e8       0x4c build/tasks.o
                0x080032e8                vTaskDelay
 .text.vTaskSwitchContext
                0x08003334       0x98 build/tasks.o
                0x08003334                vTaskSwitchContext
 .text.vTaskPlaceOnEventList
                0x080033cc       0x30 build/tasks.o
                0x080033cc                vTaskPlaceOnEventList
 .text.xTaskRemoveFromEventList
                0x080033fc       0x8c build/tasks.o
                0x080033fc                xTaskRemoveFromEventList
 .text.vTaskInternalSetTimeOutState
                0x08003488       0x18 build/tasks.o
                0x08003488                vTaskInternalSetTimeOutState
 .text.xTaskCheckForTimeOut
                0x080034a0       0x84 build/tasks.o
                0x080034a0                xTaskCheckForTimeOut
 .text.vTaskMissedYield
                0x08003524        0xc build/tasks.o
                0x08003524                vTaskMissedYield
 .text.xTaskGetSchedulerState
                0x08003530       0x20 build/tasks.o
                0x08003530                xTaskGetSchedulerState
 .text.xTaskPriorityInherit
                0x08003550       0xbc build/tasks.o
                0x08003550                xTaskPriorityInherit
 .text.xTaskPriorityDisinherit
                0x0800360c       0xb0 build/tasks.o
                0x0800360c                xTaskPriorityDisinherit
 .text.vTaskPriorityDisinheritAfterTimeout
                0x080036bc       0xc0 build/tasks.o
                0x080036bc                vTaskPriorityDisinheritAfterTimeout
 .text.pvTaskIncrementMutexHeldCount
                0x0800377c       0x1c build/tasks.o
                0x0800377c                pvTaskIncrementMutexHeldCount
 .text.prvHeapInit
                0x08003798       0x64 build/heap_4.o
 .text.prvInsertBlockIntoFreeList
                0x080037fc       0x64 build/heap_4.o
 .text.pvPortMalloc
                0x08003860       0xf8 build/heap_4.o
                0x08003860                pvPortMalloc
 .text.vPortFree
                0x08003958       0x70 build/heap_4.o
                0x08003958                vPortFree
 .text.prvTaskExitError
                0x080039c8       0x40 build/port.o
 .text.prvPortStartFirstTask
                0x08003a08       0x28 build/port.o
 .text.vPortEnableVFP
                0x08003a30       0x14 build/port.o
 .text.pxPortInitialiseStack
                0x08003a44       0x2c build/port.o
                0x08003a44                pxPortInitialiseStack
 .text.SVC_Handler
                0x08003a70       0x24 build/port.o
                0x08003a70                SVC_Handler
 .text.vPortEnterCritical
                0x08003a94       0x44 build/port.o
                0x08003a94                vPortEnterCritical
 .text.vPortExitCritical
                0x08003ad8       0x2c build/port.o
                0x08003ad8                vPortExitCritical
 *fill*         0x08003b04        0xc 
 .text.PendSV_Handler
                0x08003b10       0x64 build/port.o
                0x08003b10                PendSV_Handler
 .text.SysTick_Handler
                0x08003b74       0x2c build/port.o
                0x08003b74                SysTick_Handler
 .text.vPortSetupTimerInterrupt
                0x08003ba0       0x28 build/port.o
                0x08003ba0                vPortSetupTimerInterrupt
 .text.xPortStartScheduler
                0x08003bc8      0x118 build/port.o
                0x08003bc8                xPortStartScheduler
 .text.vPortValidateInterruptPriority
                0x08003ce0       0x5c build/port.o
                0x08003ce0                vPortValidateInterruptPriority
 .text.makeFreeRtosPriority
                0x08003d3c        0xc build/cmsis_os.o
 .text.inHandlerMode
                0x08003d48        0xc build/cmsis_os.o
 .text.osKernelStart
                0x08003d54        0xa build/cmsis_os.o
                0x08003d54                osKernelStart
 .text.osThreadCreate
                0x08003d5e       0x66 build/cmsis_os.o
                0x08003d5e                osThreadCreate
 .text.osDelay  0x08003dc4        0xe build/cmsis_os.o
                0x08003dc4                osDelay
 .text.osMutexCreate
                0x08003dd2       0x16 build/cmsis_os.o
                0x08003dd2                osMutexCreate
 .text.osMutexWait
                0x08003de8       0x60 build/cmsis_os.o
                0x08003de8                osMutexWait
 .text.osMutexRelease
                0x08003e48       0x5a build/cmsis_os.o
                0x08003e48                osMutexRelease
 .text.HAL_SPI_Init
                0x08003ea2       0xde build/stm32f3xx_hal_spi.o
                0x08003ea2                HAL_SPI_Init
 .text.Reset_Handler
                0x08003f80       0x50 build/startup_stm32f303x8.o
                0x08003f80                Reset_Handler
 .text.Default_Handler
                0x08003fd0        0x2 build/startup_stm32f303x8.o
                0x08003fd0                RTC_Alarm_IRQHandler
                0x08003fd0                TIM1_CC_IRQHandler
                0x08003fd0                PVD_IRQHandler
                0x08003fd0                TAMP_STAMP_IRQHandler
                0x08003fd0                EXTI3_IRQHandler
                0x08003fd0                EXTI0_IRQHandler
                0x08003fd0                FPU_IRQHandler
                0x08003fd0                CAN_TX_IRQHandler
                0x08003fd0                TIM1_UP_TIM16_IRQHandler
                0x08003fd0                ADC1_2_IRQHandler
                0x08003fd0                SPI1_IRQHandler
                0x08003fd0                CAN_SCE_IRQHandler
                0x08003fd0                DMA1_Channel4_IRQHandler
                0x08003fd0                USART3_IRQHandler
                0x08003fd0                DMA1_Channel7_IRQHandler
                0x08003fd0                TIM7_DAC2_IRQHandler
                0x08003fd0                CAN_RX1_IRQHandler
                0x08003fd0                I2C1_EV_IRQHandler
                0x08003fd0                DMA1_Channel6_IRQHandler
                0x08003fd0                TIM3_IRQHandler
                0x08003fd0                RCC_IRQHandler
                0x08003fd0                DMA1_Channel1_IRQHandler
                0x08003fd0                Default_Handler
                0x08003fd0                EXTI15_10_IRQHandler
                0x08003fd0                COMP2_IRQHandler
                0x08003fd0                EXTI9_5_IRQHandler
                0x08003fd0                RTC_WKUP_IRQHandler
                0x08003fd0                DMA1_Channel5_IRQHandler
                0x08003fd0                EXTI4_IRQHandler
                0x08003fd0                TIM1_TRG_COM_TIM17_IRQHandler
                0x08003fd0                DMA1_Channel3_IRQHandler
                0x08003fd0                WWDG_IRQHandler
                0x08003fd0                TIM2_IRQHandler
                0x08003fd0                EXTI1_IRQHandler
                0x08003fd0                COMP4_6_IRQHandler
                0x08003fd0                USART2_IRQHandler
                0x08003fd0                DMA1_Channel2_IRQHandler
                0x08003fd0                FLASH_IRQHandler
                0x08003fd0                USART1_IRQHandler
                0x08003fd0                CAN_RX0_IRQHandler
                0x08003fd0                I2C1_ER_IRQHandler
                0x08003fd0                EXTI2_TSC_IRQHandler
                0x08003fd0                TIM1_BRK_TIM15_IRQHandler
 *fill*         0x08003fd2        0x2 
 .text.__errno  0x08003fd4        0xc /usr/lib/gcc/arm-none-eabi/13.2.0/../../../../arm-none-eabi/lib/thumb/v7e-m+fp/hard/libc_nano.a(lib_a-errno.o)
                0x08003fd4                __errno
 .text.__libc_init_array
                0x08003fe0       0x48 /usr/lib/gcc/arm-none-eabi/13.2.0/../../../../arm-none-eabi/lib/thumb/v7e-m+fp/hard/libc_nano.a(lib_a-init.o)
                0x08003fe0                __libc_init_array
 .text.memcpy   0x08004028       0x1c /usr/lib/gcc/arm-none-eabi/13.2.0/../../../../arm-none-eabi/lib/thumb/v7e-m+fp/hard/libc_nano.a(lib_a-memcpy-stub.o)
                0x08004028                memcpy
 .text.memset   0x08004044       0x10 /usr/lib/gcc/arm-none-eabi/13.2.0/../../../../arm-none-eabi/lib/thumb/v7e-m+fp/hard/libc_nano.a(lib_a-memset.o)
                0x08004044                memset
 .text.printf   0x08004054       0x30 /usr/lib/gcc/arm-none-eabi/13.2.0/../../../../arm-none-eabi/lib/thumb/v7e-m+fp/hard/libc_nano.a(lib_a-printf.o)
                0x08004054                printf
                0x08004054                iprintf
 .text.std      0x08004084       0x48 /usr/lib/gcc/arm-none-eabi/13.2.0/../../../../arm-none-eabi/lib/thumb/v7e-m+fp/hard/libc_nano.a(lib_a-findfp.o)
 .text._cleanup_r
                0x080040cc        0xc /usr/lib/gcc/arm-none-eabi/13.2.0/../../../../arm-none-eabi/lib/thumb/v7e-m+fp/hard/libc_nano.a(lib_a-findfp.o)
                0x080040cc                _cleanup_r
 .text.__sfmoreglue
                0x080040d8       0x2c /usr/lib/gcc/arm-none-eabi/13.2.0/../../../../arm-none-eabi/lib/thumb/v7e-m+fp/hard/libc_nano.a(lib_a-findfp.o)
                0x080040d8                __sfmoreglue
 .text.__sfp_lock_acquire
                0x08004104        0xc /usr/lib/gcc/arm-none-eabi/13.2.0/../../../../arm-none-eabi/lib/thumb/v7e-m+fp/hard/libc_nano.a(lib_a-findfp.o)
                0x08004104                __sfp_lock_acquire
 .text.__sfp_lock_release
                0x08004110        0xc /usr/lib/gcc/arm-none-eabi/13.2.0/../../../../arm-none-eabi/lib/thumb/v7e-m+fp/hard/libc_nano.a(lib_a-findfp.o)
                0x08004110                __sfp_lock_release
 .text.__sinit_lock_acquire
                0x0800411c        0xc /usr/lib/gcc/arm-none-eabi/13.2.0/../../../../arm-none-eabi/lib/thumb/v7e-m+fp/hard/libc_nano.a(lib_a-findfp.o)
                0x0800411c                __sinit_lock_acquire
 .text.__sinit_lock_release
                0x08004128        0xc /usr/lib/gcc/arm-none-eabi/13.2.0/../../../../arm-none-eabi/lib/thumb/v7e-m+fp/hard/libc_nano.a(lib_a-findfp.o)
                0x08004128                __sinit_lock_release
 .text.__sinit  0x08004134       0x70 /usr/lib/gcc/arm-none-eabi/13.2.0/../../../../arm-none-eabi/lib/thumb/v7e-m+fp/hard/libc_nano.a(lib_a-findfp.o)
                0x08004134                __sinit
 .text.__sfp    0x080041a4       0x8c /usr/lib/gcc/arm-none-eabi/13.2.0/../../../../arm-none-eabi/lib/thumb/v7e-m+fp/hard/libc_nano.a(lib_a-findfp.o)
                0x080041a4                __sfp
 .text._fwalk_reent
                0x08004230       0x3e /usr/lib/gcc/arm-none-eabi/13.2.0/../../../../arm-none-eabi/lib/thumb/v7e-m+fp/hard/libc_nano.a(lib_a-fwalk.o)
                0x08004230                _fwalk_reent
 .text.__retarget_lock_init_recursive
                0x0800426e        0x2 /usr/lib/gcc/arm-none-eabi/13.2.0/../../../../arm-none-eabi/lib/thumb/v7e-m+fp/hard/libc_nano.a(lib_a-lock.o)
                0x0800426e                __retarget_lock_init_recursive
 .text.__retarget_lock_acquire_recursive
                0x08004270        0x2 /usr/lib/gcc/arm-none-eabi/13.2.0/../../../../arm-none-eabi/lib/thumb/v7e-m+fp/hard/libc_nano.a(lib_a-lock.o)
                0x08004270                __retarget_lock_acquire_recursive
 .text.__retarget_lock_release_recursive
                0x08004272        0x2 /usr/lib/gcc/arm-none-eabi/13.2.0/../../../../arm-none-eabi/lib/thumb/v7e-m+fp/hard/libc_nano.a(lib_a-lock.o)
                0x08004272                __retarget_lock_release_recursive
 .text._malloc_r
                0x08004274       0xb4 /usr/lib/gcc/arm-none-eabi/13.2.0/../../../../arm-none-eabi/lib/thumb/v7e-m+fp/hard/libc_nano.a(lib_a-nano-mallocr.o)
                0x08004274                _malloc_r
 .text.__sfputc_r
                0x08004328       0x2e /usr/lib/gcc/arm-none-eabi/13.2.0/../../../../arm-none-eabi/lib/thumb/v7e-m+fp/hard/libc_nano.a(lib_a-nano-vfprintf.o)
 .text.__sfputs_r
                0x08004356       0x24 /usr/lib/gcc/arm-none-eabi/13.2.0/../../../../arm-none-eabi/lib/thumb/v7e-m+fp/hard/libc_nano.a(lib_a-nano-vfprintf.o)
                0x08004356                __sfputs_r
 *fill*         0x0800437a        0x2 
 .text._vfprintf_r
                0x0800437c      0x25c /usr/lib/gcc/arm-none-eabi/13.2.0/../../../../arm-none-eabi/lib/thumb/v7e-m+fp/hard/libc_nano.a(lib_a-nano-vfprintf.o)
                0x0800437c                _vfiprintf_r
                0x0800437c                _vfprintf_r
 .text._printf_common
                0x080045d8       0xda /usr/lib/gcc/arm-none-eabi/13.2.0/../../../../arm-none-eabi/lib/thumb/v7e-m+fp/hard/libc_nano.a(lib_a-nano-vfprintf_i.o)
                0x080045d8                _printf_common
 *fill*         0x080046b2        0x2 
 .text._printf_i
                0x080046b4      0x244 /usr/lib/gcc/arm-none-eabi/13.2.0/../../../../arm-none-eabi/lib/thumb/v7e-m+fp/hard/libc_nano.a(lib_a-nano-vfprintf_i.o)
                0x080046b4                _printf_i
 .text._sbrk_r  0x080048f8       0x20 /usr/lib/gcc/arm-none-eabi/13.2.0/../../../../arm-none-eabi/lib/thumb/v7e-m+fp/hard/libc_nano.a(lib_a-sbrkr.o)
                0x080048f8                _sbrk_r
 .text.__sread  0x08004918       0x22 /usr/lib/gcc/arm-none-eabi/13.2.0/../../../../arm-none-eabi/lib/thumb/v7e-m+fp/hard/libc_nano.a(lib_a-stdio.o)
                0x08004918                __sread
 .text.__swrite
                0x0800493a       0x38 /usr/lib/gcc/arm-none-eabi/13.2.0/../../../../arm-none-eabi/lib/thumb/v7e-m+fp/hard/libc_nano.a(lib_a-stdio.o)
                0x0800493a                __swrite
 .text.__sseek  0x08004972       0x24 /usr/lib/gcc/arm-none-eabi/13.2.0/../../../../arm-none-eabi/lib/thumb/v7e-m+fp/hard/libc_nano.a(lib_a-stdio.o)
                0x08004972                __sseek
 .text.__sclose
                0x08004996        0x8 /usr/lib/gcc/arm-none-eabi/13.2.0/../../../../arm-none-eabi/lib/thumb/v7e-m+fp/hard/libc_nano.a(lib_a-stdio.o)
                0x08004996                __sclose
 *fill*         0x0800499e        0x2 
 .text.__swbuf_r
                0x080049a0       0xa4 /usr/lib/gcc/arm-none-eabi/13.2.0/../../../../arm-none-eabi/lib/thumb/v7e-m+fp/hard/libc_nano.a(lib_a-wbuf.o)
                0x080049a0                __swbuf_r
 .text._write_r
                0x08004a44       0x24 /usr/lib/gcc/arm-none-eabi/13.2.0/../../../../arm-none-eabi/lib/thumb/v7e-m+fp/hard/libc_nano.a(lib_a-writer.o)
                0x08004a44                _write_r
 .text.__swsetup_r
                0x08004a68       0xdc /usr/lib/gcc/arm-none-eabi/13.2.0/../../../../arm-none-eabi/lib/thumb/v7e-m+fp/hard/libc_nano.a(lib_a-wsetup.o)
                0x08004a68                __swsetup_r
 .text._close_r
                0x08004b44       0x20 /usr/lib/gcc/arm-none-eabi/13.2.0/../../../../arm-none-eabi/lib/thumb/v7e-m+fp/hard/libc_nano.a(lib_a-closer.o)
                0x08004b44                _close_r
 .text.__sflush_r
                0x08004b64      0x10c /usr/lib/gcc/arm-none-eabi/13.2.0/../../../../arm-none-eabi/lib/thumb/v7e-m+fp/hard/libc_nano.a(lib_a-fflush.o)
                0x08004b64                __sflush_r
 .text._fflush_r
                0x08004c70       0x78 /usr/lib/gcc/arm-none-eabi/13.2.0/../../../../arm-none-eabi/lib/thumb/v7e-m+fp/hard/libc_nano.a(lib_a-fflush.o)
                0x08004c70                _fflush_r
 .text._lseek_r
                0x08004ce8       0x24 /usr/lib/gcc/arm-none-eabi/13.2.0/../../../../arm-none-eabi/lib/thumb/v7e-m+fp/hard/libc_nano.a(lib_a-lseekr.o)
                0x08004ce8                _lseek_r
 .text.__swhatbuf_r
                0x08004d0c       0x4c /usr/lib/gcc/arm-none-eabi/13.2.0/../../../../arm-none-eabi/lib/thumb/v7e-m+fp/hard/libc_nano.a(lib_a-makebuf.o)
                0x08004d0c                __swhatbuf_r
 .text.__smakebuf_r
                0x08004d58       0x80 /usr/lib/gcc/arm-none-eabi/13.2.0/../../../../arm-none-eabi/lib/thumb/v7e-m+fp/hard/libc_nano.a(lib_a-makebuf.o)
                0x08004d58                __smakebuf_r
 .text.__malloc_lock
                0x08004dd8        0xc /usr/lib/gcc/arm-none-eabi/13.2.0/../../../../arm-none-eabi/lib/thumb/v7e-m+fp/hard/libc_nano.a(lib_a-mlock.o)
                0x08004dd8                __malloc_lock
 .text.__malloc_unlock
                0x08004de4        0xc /usr/lib/gcc/arm-none-eabi/13.2.0/../../../../arm-none-eabi/lib/thumb/v7e-m+fp/hard/libc_nano.a(lib_a-mlock.o)
                0x08004de4                __malloc_unlock
 .text._free_r  0x08004df0       0x98 /usr/lib/gcc/arm-none-eabi/13.2.0/../../../../arm-none-eabi/lib/thumb/v7e-m+fp/hard/libc_nano.a(lib_a-nano-freer.o)
                0x08004df0                _free_r
 .text._read_r  0x08004e88       0x24 /usr/lib/gcc/arm-none-eabi/13.2.0/../../../../arm-none-eabi/lib/thumb/v7e-m+fp/hard/libc_nano.a(lib_a-readr.o)
                0x08004e88                _read_r
 .text._fstat_r
                0x08004eac       0x24 /usr/lib/gcc/arm-none-eabi/13.2.0/../../../../arm-none-eabi/lib/thumb/v7e-m+fp/hard/libc_nano.a(lib_a-fstatr.o)
                0x08004eac                _fstat_r
 .text._isatty_r
                0x08004ed0       0x20 /usr/lib/gcc/arm-none-eabi/13.2.0/../../../../arm-none-eabi/lib/thumb/v7e-m+fp/hard/libc_nano.a(lib_a-isattyr.o)
                0x08004ed0                _isatty_r
 *(.glue_7)
 .glue_7        0x08004ef0        0x0 linker stubs
 *(.glue_7t)
 .glue_7t       0x08004ef0        0x0 linker stubs
 *(.eh_frame)
 .eh_frame      0x08004ef0        0x0 /usr/lib/gcc/arm-none-eabi/13.2.0/thumb/v7e-m+fp/hard/crtbegin.o
 *(.init)
 .init          0x08004ef0        0x4 /usr/lib/gcc/arm-none-eabi/13.2.0/thumb/v7e-m+fp/hard/crti.o
                0x08004ef0                _init
 .init          0x08004ef4        0x8 /usr/lib/gcc/arm-none-eabi/13.2.0/thumb/v7e-m+fp/hard/crtn.o
 *(.fini)
 .fini          0x08004efc        0x4 /usr/lib/gcc/arm-none-eabi/13.2.0/thumb/v7e-m+fp/hard/crti.o
                0x08004efc                _fini
 .fini          0x08004f00        0x8 /usr/lib/gcc/arm-none-eabi/13.2.0/thumb/v7e-m+fp/hard/crtn.o
                0x08004f08                        . = ALIGN (0x4)
                0x08004f08                        _etext = .

.vfp11_veneer   0x08004f08        0x0
 .vfp11_veneer  0x08004f08        0x0 linker stubs

.v4_bx          0x08004f08        0x0
 .v4_bx         0x08004f08        0x0 linker stubs

.iplt           0x08004f08        0x0
 .iplt          0x08004f08        0x0 /usr/lib/gcc/arm-none-eabi/13.2.0/thumb/v7e-m+fp/hard/crtbegin.o

.rodata         0x08004f08      0x154
                0x08004f08                        . = ALIGN (0x4)
 *(.rodata)
 .rodata        0x08004f08       0x38 build/main.o
 *(.rodata*)
 .rodata.Error_Handler.str1.4
                0x08004f40       0x35 build/main.o
                                 0x18 (size before relaxing)
 .rodata.str1.4
                0x08004f75       0x18 build/main.o
 *fill*         0x08004f75        0x3 
 .rodata.os_mutex_def_flagMutex
                0x08004f78        0x8 build/main.o
                0x08004f78                os_mutex_def_flagMutex
 .rodata.pressureSensorI2CAddresses
                0x08004f80        0xc build/main.o
                0x08004f80                pressureSensorI2CAddresses
 .rodata.aPredivFactorTable
                0x08004f8c       0x10 build/stm32f3xx_hal_rcc.o
 .rodata.aPLLMULFactorTable
                0x08004f9c       0x10 build/stm32f3xx_hal_rcc.o
 .rodata.APBPrescTable
                0x08004fac        0x8 build/system_stm32f3xx.o
                0x08004fac                APBPrescTable
 .rodata.AHBPrescTable
                0x08004fb4       0x10 build/system_stm32f3xx.o
                0x08004fb4                AHBPrescTable
 .rodata.vTaskStartScheduler.str1.4
                0x08004fc4        0x5 build/tasks.o
 .rodata._global_impure_ptr
                0x08004fc4        0x4 /usr/lib/gcc/arm-none-eabi/13.2.0/../../../../arm-none-eabi/lib/thumb/v7e-m+fp/hard/libc_nano.a(lib_a-impure.o)
                0x08004fc4                _global_impure_ptr
 .rodata.__sf_fake_stderr
                0x08004fc8       0x20 /usr/lib/gcc/arm-none-eabi/13.2.0/../../../../arm-none-eabi/lib/thumb/v7e-m+fp/hard/libc_nano.a(lib_a-findfp.o)
                0x08004fc8                __sf_fake_stderr
 .rodata.__sf_fake_stdin
                0x08004fe8       0x20 /usr/lib/gcc/arm-none-eabi/13.2.0/../../../../arm-none-eabi/lib/thumb/v7e-m+fp/hard/libc_nano.a(lib_a-findfp.o)
                0x08004fe8                __sf_fake_stdin
 .rodata.__sf_fake_stdout
                0x08005008       0x20 /usr/lib/gcc/arm-none-eabi/13.2.0/../../../../arm-none-eabi/lib/thumb/v7e-m+fp/hard/libc_nano.a(lib_a-findfp.o)
                0x08005008                __sf_fake_stdout
 .rodata._vfprintf_r.str1.1
                0x08005028       0x33 /usr/lib/gcc/arm-none-eabi/13.2.0/../../../../arm-none-eabi/lib/thumb/v7e-m+fp/hard/libc_nano.a(lib_a-nano-vfprintf.o)
                                 0x11 (size before relaxing)
 .rodata._printf_i.str1.1
                0x0800505b       0x22 /usr/lib/gcc/arm-none-eabi/13.2.0/../../../../arm-none-eabi/lib/thumb/v7e-m+fp/hard/libc_nano.a(lib_a-nano-vfprintf_i.o)
                0x08005080                        . = ALIGN (0x4)
 *fill*         0x0800505b        0x1 

.rel.dyn        0x0800505c        0x0
 .rel.iplt      0x0800505c        0x0 /usr/lib/gcc/arm-none-eabi/13.2.0/thumb/v7e-m+fp/hard/crtbegin.o

.ARM.extab
 *(.ARM.extab* .gnu.linkonce.armextab.*)

.ARM            0x0800505c        0x0
                0x0800505c                        __exidx_start = .
 *(.ARM.exidx*)
                0x0800505c                        __exidx_end = .

.preinit_array  0x0800505c        0x0
                0x0800505c                        PROVIDE (__preinit_array_start = .)
 *(.preinit_array*)
                0x0800505c                        PROVIDE (__preinit_array_end = .)

.init_array     0x0800505c        0x4
                0x0800505c                        PROVIDE (__init_array_start = .)
 *(SORT_BY_NAME(.init_array.*))
 *(.init_array*)
 .init_array    0x0800505c        0x4 /usr/lib/gcc/arm-none-eabi/13.2.0/thumb/v7e-m+fp/hard/crtbegin.o
                0x08005060                        PROVIDE (__init_array_end = .)

.fini_array     0x08005060        0x4
                0x08005060                        PROVIDE (__fini_array_start = .)
 *(SORT_BY_NAME(.fini_array.*))
 *(.fini_array*)
 .fini_array    0x08005060        0x4 /usr/lib/gcc/arm-none-eabi/13.2.0/thumb/v7e-m+fp/hard/crtbegin.o
                0x08005064                        PROVIDE (__fini_array_end = .)
                0x08005064                        _sidata = LOADADDR (.data)

.data           0x20000000       0x74 load address 0x08005064
                0x20000000                        . = ALIGN (0x4)
                0x20000000                        _sdata = .
 *(.data)
 *(.data*)
 .data.uwTickFreq
                0x20000000        0x1 build/stm32f3xx_hal.o
                0x20000000                uwTickFreq
 *fill*         0x20000001        0x3 
 .data.uwTickPrio
                0x20000004        0x4 build/stm32f3xx_hal.o
                0x20000004                uwTickPrio
 .data.SystemCoreClock
                0x20000008        0x4 build/system_stm32f3xx.o
                0x20000008                SystemCoreClock
 .data.uxCriticalNesting
                0x2000000c        0x4 build/port.o
 .data._impure_ptr
                0x20000010        0x4 /usr/lib/gcc/arm-none-eabi/13.2.0/../../../../arm-none-eabi/lib/thumb/v7e-m+fp/hard/libc_nano.a(lib_a-impure.o)
                0x20000010                _impure_ptr
 .data.impure_data
                0x20000014       0x60 /usr/lib/gcc/arm-none-eabi/13.2.0/../../../../arm-none-eabi/lib/thumb/v7e-m+fp/hard/libc_nano.a(lib_a-impure.o)
                0x20000074                        . = ALIGN (0x4)
                0x20000074                        _edata = .
                0x080050d8                        _siccmram = LOADADDR (.ccmram)

.tm_clone_table
                0x20000074        0x0 load address 0x080050d8
 .tm_clone_table
                0x20000074        0x0 /usr/lib/gcc/arm-none-eabi/13.2.0/thumb/v7e-m+fp/hard/crtbegin.o
 .tm_clone_table
                0x20000074        0x0 /usr/lib/gcc/arm-none-eabi/13.2.0/thumb/v7e-m+fp/hard/crtend.o

.igot.plt       0x20000074        0x0 load address 0x080050d8
 .igot.plt      0x20000074        0x0 /usr/lib/gcc/arm-none-eabi/13.2.0/thumb/v7e-m+fp/hard/crtbegin.o

.ccmram         0x10000000        0x0 load address 0x080050d8
                0x10000000                        . = ALIGN (0x4)
                0x10000000                        _sccmram = .
 *(.ccmram)
 *(.ccmram*)
                0x10000000                        . = ALIGN (0x4)
                0x10000000                        _eccmram = .
                0x10000000                        . = ALIGN (0x4)

.bss            0x20000074     0x116c
                0x20000074                        _sbss = .
                0x20000074                        __bss_start__ = _sbss
 *(.bss)
 .bss           0x20000074       0x1c /usr/lib/gcc/arm-none-eabi/13.2.0/thumb/v7e-m+fp/hard/crtbegin.o
 *(.bss*)
 .bss.flagMutexHandle
                0x20000090        0x4 build/main.o
                0x20000090                flagMutexHandle
 .bss.fused_value_flag
                0x20000094        0x1 build/main.o
                0x20000094                fused_value_flag
 *fill*         0x20000095        0x3 
 .bss.defaultTaskHandle2
                0x20000098        0x4 build/main.o
                0x20000098                defaultTaskHandle2
 .bss.defaultTaskHandle
                0x2000009c        0x4 build/main.o
                0x2000009c                defaultTaskHandle
 .bss.huart2    0x200000a0       0x88 build/main.o
                0x200000a0                huart2
 .bss.hspi1     0x20000128       0x64 build/main.o
                0x20000128                hspi1
 .bss.hi2c1     0x2000018c       0x54 build/main.o
                0x2000018c                hi2c1
 .bss.uwTick    0x200001e0        0x4 build/stm32f3xx_hal.o
                0x200001e0                uwTick
 .bss.__sbrk_heap_end
                0x200001e4        0x4 build/sysmem.o
 .bss.xIdleStack
                0x200001e8      0x200 build/freertos.o
 .bss.xIdleTaskTCBBuffer
                0x200003e8       0x54 build/freertos.o
 .bss.htim6     0x2000043c       0x4c build/stm32f3xx_hal_timebase_tim.o
                0x2000043c                htim6
 .bss.uxSchedulerSuspended
                0x20000488        0x4 build/tasks.o
 .bss.xIdleTaskHandle
                0x2000048c        0x4 build/tasks.o
 .bss.xNextTaskUnblockTime
                0x20000490        0x4 build/tasks.o
 .bss.uxTaskNumber
                0x20000494        0x4 build/tasks.o
 .bss.xNumOfOverflows
                0x20000498        0x4 build/tasks.o
 .bss.xYieldPending
                0x2000049c        0x4 build/tasks.o
 .bss.uxPendedTicks
                0x200004a0        0x4 build/tasks.o
 .bss.xSchedulerRunning
                0x200004a4        0x4 build/tasks.o
 .bss.uxTopReadyPriority
                0x200004a8        0x4 build/tasks.o
 .bss.xTickCount
                0x200004ac        0x4 build/tasks.o
 .bss.uxCurrentNumberOfTasks
                0x200004b0        0x4 build/tasks.o
 .bss.xSuspendedTaskList
                0x200004b4       0x14 build/tasks.o
 .bss.uxDeletedTasksWaitingCleanUp
                0x200004c8        0x4 build/tasks.o
 .bss.xTasksWaitingTermination
                0x200004cc       0x14 build/tasks.o
 .bss.xPendingReadyList
                0x200004e0       0x14 build/tasks.o
 .bss.pxOverflowDelayedTaskList
                0x200004f4        0x4 build/tasks.o
 .bss.pxDelayedTaskList
                0x200004f8        0x4 build/tasks.o
 .bss.xDelayedTaskList2
                0x200004fc       0x14 build/tasks.o
 .bss.xDelayedTaskList1
                0x20000510       0x14 build/tasks.o
 .bss.pxReadyTasksLists
                0x20000524       0x8c build/tasks.o
 .bss.pxCurrentTCB
                0x200005b0        0x4 build/tasks.o
                0x200005b0                pxCurrentTCB
 .bss.xBlockAllocatedBit
                0x200005b4        0x4 build/heap_4.o
 .bss.xMinimumEverFreeBytesRemaining
                0x200005b8        0x4 build/heap_4.o
 .bss.xFreeBytesRemaining
                0x200005bc        0x4 build/heap_4.o
 .bss.pxEnd     0x200005c0        0x4 build/heap_4.o
 .bss.xStart    0x200005c4        0x8 build/heap_4.o
 .bss.ucHeap    0x200005cc      0xc00 build/heap_4.o
 .bss.ulMaxPRIGROUPValue
                0x200011cc        0x4 build/port.o
 .bss.ucMaxSysCallPriority
                0x200011d0        0x1 build/port.o
 .bss.__lock___malloc_recursive_mutex
                0x200011d1        0x1 /usr/lib/gcc/arm-none-eabi/13.2.0/../../../../arm-none-eabi/lib/thumb/v7e-m+fp/hard/libc_nano.a(lib_a-lock.o)
                0x200011d1                __lock___malloc_recursive_mutex
 .bss.__lock___sfp_recursive_mutex
                0x200011d2        0x1 /usr/lib/gcc/arm-none-eabi/13.2.0/../../../../arm-none-eabi/lib/thumb/v7e-m+fp/hard/libc_nano.a(lib_a-lock.o)
                0x200011d2                __lock___sfp_recursive_mutex
 .bss.__lock___sinit_recursive_mutex
                0x200011d3        0x1 /usr/lib/gcc/arm-none-eabi/13.2.0/../../../../arm-none-eabi/lib/thumb/v7e-m+fp/hard/libc_nano.a(lib_a-lock.o)
                0x200011d3                __lock___sinit_recursive_mutex
 .bss.__malloc_free_list
                0x200011d4        0x4 /usr/lib/gcc/arm-none-eabi/13.2.0/../../../../arm-none-eabi/lib/thumb/v7e-m+fp/hard/libc_nano.a(lib_a-nano-mallocr.o)
                0x200011d4                __malloc_free_list
 .bss.__malloc_sbrk_start
                0x200011d8        0x4 /usr/lib/gcc/arm-none-eabi/13.2.0/../../../../arm-none-eabi/lib/thumb/v7e-m+fp/hard/libc_nano.a(lib_a-nano-mallocr.o)
                0x200011d8                __malloc_sbrk_start
 .bss.errno     0x200011dc        0x4 /usr/lib/gcc/arm-none-eabi/13.2.0/../../../../arm-none-eabi/lib/thumb/v7e-m+fp/hard/libc_nano.a(lib_a-reent.o)
                0x200011dc                errno
 *(COMMON)
                0x200011e0                        . = ALIGN (0x4)
                0x200011e0                        _ebss = .
                0x200011e0                        __bss_end__ = _ebss

._user_heap_stack
                0x200011e0      0x600
                0x200011e0                        . = ALIGN (0x8)
                [!provide]                        PROVIDE (end = .)
                0x200011e0                        PROVIDE (_end = .)
                0x200013e0                        . = (. + _Min_Heap_Size)
 *fill*         0x200011e0      0x200 
                0x200017e0                        . = (. + _Min_Stack_Size)
 *fill*         0x200013e0      0x400 
                0x200017e0                        . = ALIGN (0x8)

/DISCARD/
 libc.a(*)
 libm.a(*)
 libgcc.a(*)
OUTPUT(build/makefile-test-f303k8.elf elf32-littlearm)
LOAD linker stubs
LOAD /usr/lib/gcc/arm-none-eabi/13.2.0/../../../../arm-none-eabi/lib/thumb/v7e-m+fp/hard/libc.a
LOAD /usr/lib/gcc/arm-none-eabi/13.2.0/../../../../arm-none-eabi/lib/thumb/v7e-m+fp/hard/libm.a
LOAD /usr/lib/gcc/arm-none-eabi/13.2.0/thumb/v7e-m+fp/hard/libgcc.a

.ARM.attributes
                0x00000000       0x30
 .ARM.attributes
                0x00000000       0x22 /usr/lib/gcc/arm-none-eabi/13.2.0/thumb/v7e-m+fp/hard/crti.o
 .ARM.attributes
                0x00000022       0x34 /usr/lib/gcc/arm-none-eabi/13.2.0/thumb/v7e-m+fp/hard/crtbegin.o
 .ARM.attributes
                0x00000056       0x34 build/main.o
 .ARM.attributes
                0x0000008a       0x34 build/stm32f3xx_it.o
 .ARM.attributes
                0x000000be       0x34 build/stm32f3xx_hal_msp.o
 .ARM.attributes
                0x000000f2       0x34 build/stm32f3xx_hal_uart.o
 .ARM.attributes
                0x00000126       0x34 build/stm32f3xx_hal.o
 .ARM.attributes
                0x0000015a       0x34 build/stm32f3xx_hal_rcc.o
 .ARM.attributes
                0x0000018e       0x34 build/stm32f3xx_hal_rcc_ex.o
 .ARM.attributes
                0x000001c2       0x34 build/stm32f3xx_hal_gpio.o
 .ARM.attributes
                0x000001f6       0x34 build/stm32f3xx_hal_cortex.o
 .ARM.attributes
                0x0000022a       0x34 build/stm32f3xx_hal_i2c.o
 .ARM.attributes
                0x0000025e       0x34 build/stm32f3xx_hal_i2c_ex.o
 .ARM.attributes
                0x00000292       0x34 build/system_stm32f3xx.o
 .ARM.attributes
                0x000002c6       0x34 build/sysmem.o
 .ARM.attributes
                0x000002fa       0x34 build/syscalls.o
 .ARM.attributes
                0x0000032e       0x34 build/freertos.o
 .ARM.attributes
                0x00000362       0x34 build/stm32f3xx_hal_timebase_tim.o
 .ARM.attributes
                0x00000396       0x34 build/stm32f3xx_hal_tim.o
 .ARM.attributes
                0x000003ca       0x34 build/stm32f3xx_hal_tim_ex.o
 .ARM.attributes
                0x000003fe       0x34 build/list.o
 .ARM.attributes
                0x00000432       0x34 build/queue.o
 .ARM.attributes
                0x00000466       0x34 build/tasks.o
 .ARM.attributes
                0x0000049a       0x34 build/heap_4.o
 .ARM.attributes
                0x000004ce       0x34 build/port.o
 .ARM.attributes
                0x00000502       0x34 build/cmsis_os.o
 .ARM.attributes
                0x00000536       0x34 build/stm32f3xx_hal_spi.o
 .ARM.attributes
                0x0000056a       0x21 build/startup_stm32f303x8.o
 .ARM.attributes
                0x0000058b       0x34 /usr/lib/gcc/arm-none-eabi/13.2.0/../../../../arm-none-eabi/lib/thumb/v7e-m+fp/hard/libc_nano.a(lib_a-errno.o)
 .ARM.attributes
                0x000005bf       0x32 /usr/lib/gcc/arm-none-eabi/13.2.0/../../../../arm-none-eabi/lib/thumb/v7e-m+fp/hard/libc_nano.a(lib_a-impure.o)
 .ARM.attributes
                0x000005f1       0x34 /usr/lib/gcc/arm-none-eabi/13.2.0/../../../../arm-none-eabi/lib/thumb/v7e-m+fp/hard/libc_nano.a(lib_a-init.o)
 .ARM.attributes
                0x00000625       0x34 /usr/lib/gcc/arm-none-eabi/13.2.0/../../../../arm-none-eabi/lib/thumb/v7e-m+fp/hard/libc_nano.a(lib_a-memcpy-stub.o)
 .ARM.attributes
                0x00000659       0x34 /usr/lib/gcc/arm-none-eabi/13.2.0/../../../../arm-none-eabi/lib/thumb/v7e-m+fp/hard/libc_nano.a(lib_a-memset.o)
 .ARM.attributes
                0x0000068d       0x34 /usr/lib/gcc/arm-none-eabi/13.2.0/../../../../arm-none-eabi/lib/thumb/v7e-m+fp/hard/libc_nano.a(lib_a-printf.o)
 .ARM.attributes
                0x000006c1       0x34 /usr/lib/gcc/arm-none-eabi/13.2.0/../../../../arm-none-eabi/lib/thumb/v7e-m+fp/hard/libc_nano.a(lib_a-findfp.o)
 .ARM.attributes
                0x000006f5       0x34 /usr/lib/gcc/arm-none-eabi/13.2.0/../../../../arm-none-eabi/lib/thumb/v7e-m+fp/hard/libc_nano.a(lib_a-fwalk.o)
 .ARM.attributes
                0x00000729       0x34 /usr/lib/gcc/arm-none-eabi/13.2.0/../../../../arm-none-eabi/lib/thumb/v7e-m+fp/hard/libc_nano.a(lib_a-lock.o)
 .ARM.attributes
                0x0000075d       0x34 /usr/lib/gcc/arm-none-eabi/13.2.0/../../../../arm-none-eabi/lib/thumb/v7e-m+fp/hard/libc_nano.a(lib_a-nano-mallocr.o)
 .ARM.attributes
                0x00000791       0x34 /usr/lib/gcc/arm-none-eabi/13.2.0/../../../../arm-none-eabi/lib/thumb/v7e-m+fp/hard/libc_nano.a(lib_a-nano-vfprintf.o)
 .ARM.attributes
                0x000007c5       0x34 /usr/lib/gcc/arm-none-eabi/13.2.0/../../../../arm-none-eabi/lib/thumb/v7e-m+fp/hard/libc_nano.a(lib_a-nano-vfprintf_i.o)
 .ARM.attributes
                0x000007f9       0x34 /usr/lib/gcc/arm-none-eabi/13.2.0/../../../../arm-none-eabi/lib/thumb/v7e-m+fp/hard/libc_nano.a(lib_a-sbrkr.o)
 .ARM.attributes
                0x0000082d       0x34 /usr/lib/gcc/arm-none-eabi/13.2.0/../../../../arm-none-eabi/lib/thumb/v7e-m+fp/hard/libc_nano.a(lib_a-stdio.o)
 .ARM.attributes
                0x00000861       0x34 /usr/lib/gcc/arm-none-eabi/13.2.0/../../../../arm-none-eabi/lib/thumb/v7e-m+fp/hard/libc_nano.a(lib_a-wbuf.o)
 .ARM.attributes
                0x00000895       0x34 /usr/lib/gcc/arm-none-eabi/13.2.0/../../../../arm-none-eabi/lib/thumb/v7e-m+fp/hard/libc_nano.a(lib_a-writer.o)
 .ARM.attributes
                0x000008c9       0x34 /usr/lib/gcc/arm-none-eabi/13.2.0/../../../../arm-none-eabi/lib/thumb/v7e-m+fp/hard/libc_nano.a(lib_a-wsetup.o)
 .ARM.attributes
                0x000008fd       0x34 /usr/lib/gcc/arm-none-eabi/13.2.0/../../../../arm-none-eabi/lib/thumb/v7e-m+fp/hard/libc_nano.a(lib_a-closer.o)
 .ARM.attributes
                0x00000931       0x34 /usr/lib/gcc/arm-none-eabi/13.2.0/../../../../arm-none-eabi/lib/thumb/v7e-m+fp/hard/libc_nano.a(lib_a-fflush.o)
 .ARM.attributes
                0x00000965       0x34 /usr/lib/gcc/arm-none-eabi/13.2.0/../../../../arm-none-eabi/lib/thumb/v7e-m+fp/hard/libc_nano.a(lib_a-lseekr.o)
 .ARM.attributes
                0x00000999       0x34 /usr/lib/gcc/arm-none-eabi/13.2.0/../../../../arm-none-eabi/lib/thumb/v7e-m+fp/hard/libc_nano.a(lib_a-makebuf.o)
 .ARM.attributes
                0x000009cd       0x1c /usr/lib/gcc/arm-none-eabi/13.2.0/../../../../arm-none-eabi/lib/thumb/v7e-m+fp/hard/libc_nano.a(lib_a-memchr.o)
 .ARM.attributes
                0x000009e9       0x34 /usr/lib/gcc/arm-none-eabi/13.2.0/../../../../arm-none-eabi/lib/thumb/v7e-m+fp/hard/libc_nano.a(lib_a-mlock.o)
 .ARM.attributes
                0x00000a1d       0x34 /usr/lib/gcc/arm-none-eabi/13.2.0/../../../../arm-none-eabi/lib/thumb/v7e-m+fp/hard/libc_nano.a(lib_a-nano-freer.o)
 .ARM.attributes
                0x00000a51       0x34 /usr/lib/gcc/arm-none-eabi/13.2.0/../../../../arm-none-eabi/lib/thumb/v7e-m+fp/hard/libc_nano.a(lib_a-readr.o)
 .ARM.attributes
                0x00000a85       0x34 /usr/lib/gcc/arm-none-eabi/13.2.0/../../../../arm-none-eabi/lib/thumb/v7e-m+fp/hard/libc_nano.a(lib_a-reent.o)
 .ARM.attributes
                0x00000ab9       0x34 /usr/lib/gcc/arm-none-eabi/13.2.0/../../../../arm-none-eabi/lib/thumb/v7e-m+fp/hard/libc_nano.a(lib_a-fstatr.o)
 .ARM.attributes
                0x00000aed       0x34 /usr/lib/gcc/arm-none-eabi/13.2.0/../../../../arm-none-eabi/lib/thumb/v7e-m+fp/hard/libc_nano.a(lib_a-isattyr.o)
 .ARM.attributes
                0x00000b21       0x34 /usr/lib/gcc/arm-none-eabi/13.2.0/thumb/v7e-m+fp/hard/crtend.o
 .ARM.attributes
                0x00000b55       0x22 /usr/lib/gcc/arm-none-eabi/13.2.0/thumb/v7e-m+fp/hard/crtn.o

.comment        0x00000000       0x46
 .comment       0x00000000       0x46 /usr/lib/gcc/arm-none-eabi/13.2.0/thumb/v7e-m+fp/hard/crtbegin.o
                                 0x24 (size before relaxing)
 .comment       0x00000046       0x24 build/main.o
 .comment       0x00000046       0x24 build/stm32f3xx_it.o
 .comment       0x00000046       0x24 build/stm32f3xx_hal_msp.o
 .comment       0x00000046       0x24 build/stm32f3xx_hal_uart.o
 .comment       0x00000046       0x24 build/stm32f3xx_hal.o
 .comment       0x00000046       0x24 build/stm32f3xx_hal_rcc.o
 .comment       0x00000046       0x24 build/stm32f3xx_hal_rcc_ex.o
 .comment       0x00000046       0x24 build/stm32f3xx_hal_gpio.o
 .comment       0x00000046       0x24 build/stm32f3xx_hal_cortex.o
 .comment       0x00000046       0x24 build/stm32f3xx_hal_i2c.o
 .comment       0x00000046       0x24 build/stm32f3xx_hal_i2c_ex.o
 .comment       0x00000046       0x24 build/system_stm32f3xx.o
 .comment       0x00000046       0x24 build/sysmem.o
 .comment       0x00000046       0x24 build/syscalls.o
 .comment       0x00000046       0x24 build/freertos.o
 .comment       0x00000046       0x24 build/stm32f3xx_hal_timebase_tim.o
 .comment       0x00000046       0x24 build/stm32f3xx_hal_tim.o
 .comment       0x00000046       0x24 build/stm32f3xx_hal_tim_ex.o
 .comment       0x00000046       0x24 build/list.o
 .comment       0x00000046       0x24 build/queue.o
 .comment       0x00000046       0x24 build/tasks.o
 .comment       0x00000046       0x24 build/heap_4.o
 .comment       0x00000046       0x24 build/port.o
 .comment       0x00000046       0x24 build/cmsis_os.o
 .comment       0x00000046       0x24 build/stm32f3xx_hal_spi.o
 .comment       0x00000046       0x24 /usr/lib/gcc/arm-none-eabi/13.2.0/../../../../arm-none-eabi/lib/thumb/v7e-m+fp/hard/libc_nano.a(lib_a-errno.o)
 .comment       0x00000046       0x24 /usr/lib/gcc/arm-none-eabi/13.2.0/../../../../arm-none-eabi/lib/thumb/v7e-m+fp/hard/libc_nano.a(lib_a-impure.o)
 .comment       0x00000046       0x24 /usr/lib/gcc/arm-none-eabi/13.2.0/../../../../arm-none-eabi/lib/thumb/v7e-m+fp/hard/libc_nano.a(lib_a-init.o)
 .comment       0x00000046       0x24 /usr/lib/gcc/arm-none-eabi/13.2.0/../../../../arm-none-eabi/lib/thumb/v7e-m+fp/hard/libc_nano.a(lib_a-memcpy-stub.o)
 .comment       0x00000046       0x24 /usr/lib/gcc/arm-none-eabi/13.2.0/../../../../arm-none-eabi/lib/thumb/v7e-m+fp/hard/libc_nano.a(lib_a-memset.o)
 .comment       0x00000046       0x24 /usr/lib/gcc/arm-none-eabi/13.2.0/../../../../arm-none-eabi/lib/thumb/v7e-m+fp/hard/libc_nano.a(lib_a-printf.o)
 .comment       0x00000046       0x24 /usr/lib/gcc/arm-none-eabi/13.2.0/../../../../arm-none-eabi/lib/thumb/v7e-m+fp/hard/libc_nano.a(lib_a-findfp.o)
 .comment       0x00000046       0x24 /usr/lib/gcc/arm-none-eabi/13.2.0/../../../../arm-none-eabi/lib/thumb/v7e-m+fp/hard/libc_nano.a(lib_a-fwalk.o)
 .comment       0x00000046       0x24 /usr/lib/gcc/arm-none-eabi/13.2.0/../../../../arm-none-eabi/lib/thumb/v7e-m+fp/hard/libc_nano.a(lib_a-lock.o)
 .comment       0x00000046       0x24 /usr/lib/gcc/arm-none-eabi/13.2.0/../../../../arm-none-eabi/lib/thumb/v7e-m+fp/hard/libc_nano.a(lib_a-nano-mallocr.o)
 .comment       0x00000046       0x24 /usr/lib/gcc/arm-none-eabi/13.2.0/../../../../arm-none-eabi/lib/thumb/v7e-m+fp/hard/libc_nano.a(lib_a-nano-vfprintf.o)
 .comment       0x00000046       0x24 /usr/lib/gcc/arm-none-eabi/13.2.0/../../../../arm-none-eabi/lib/thumb/v7e-m+fp/hard/libc_nano.a(lib_a-nano-vfprintf_i.o)
 .comment       0x00000046       0x24 /usr/lib/gcc/arm-none-eabi/13.2.0/../../../../arm-none-eabi/lib/thumb/v7e-m+fp/hard/libc_nano.a(lib_a-sbrkr.o)
 .comment       0x00000046       0x24 /usr/lib/gcc/arm-none-eabi/13.2.0/../../../../arm-none-eabi/lib/thumb/v7e-m+fp/hard/libc_nano.a(lib_a-stdio.o)
 .comment       0x00000046       0x24 /usr/lib/gcc/arm-none-eabi/13.2.0/../../../../arm-none-eabi/lib/thumb/v7e-m+fp/hard/libc_nano.a(lib_a-wbuf.o)
 .comment       0x00000046       0x24 /usr/lib/gcc/arm-none-eabi/13.2.0/../../../../arm-none-eabi/lib/thumb/v7e-m+fp/hard/libc_nano.a(lib_a-writer.o)
 .comment       0x00000046       0x24 /usr/lib/gcc/arm-none-eabi/13.2.0/../../../../arm-none-eabi/lib/thumb/v7e-m+fp/hard/libc_nano.a(lib_a-wsetup.o)
 .comment       0x00000046       0x24 /usr/lib/gcc/arm-none-eabi/13.2.0/../../../../arm-none-eabi/lib/thumb/v7e-m+fp/hard/libc_nano.a(lib_a-closer.o)
 .comment       0x00000046       0x24 /usr/lib/gcc/arm-none-eabi/13.2.0/../../../../arm-none-eabi/lib/thumb/v7e-m+fp/hard/libc_nano.a(lib_a-fflush.o)
 .comment       0x00000046       0x24 /usr/lib/gcc/arm-none-eabi/13.2.0/../../../../arm-none-eabi/lib/thumb/v7e-m+fp/hard/libc_nano.a(lib_a-lseekr.o)
 .comment       0x00000046       0x24 /usr/lib/gcc/arm-none-eabi/13.2.0/../../../../arm-none-eabi/lib/thumb/v7e-m+fp/hard/libc_nano.a(lib_a-makebuf.o)
 .comment       0x00000046       0x24 /usr/lib/gcc/arm-none-eabi/13.2.0/../../../../arm-none-eabi/lib/thumb/v7e-m+fp/hard/libc_nano.a(lib_a-mlock.o)
 .comment       0x00000046       0x24 /usr/lib/gcc/arm-none-eabi/13.2.0/../../../../arm-none-eabi/lib/thumb/v7e-m+fp/hard/libc_nano.a(lib_a-nano-freer.o)
 .comment       0x00000046       0x24 /usr/lib/gcc/arm-none-eabi/13.2.0/../../../../arm-none-eabi/lib/thumb/v7e-m+fp/hard/libc_nano.a(lib_a-readr.o)
 .comment       0x00000046       0x24 /usr/lib/gcc/arm-none-eabi/13.2.0/../../../../arm-none-eabi/lib/thumb/v7e-m+fp/hard/libc_nano.a(lib_a-reent.o)
 .comment       0x00000046       0x24 /usr/lib/gcc/arm-none-eabi/13.2.0/../../../../arm-none-eabi/lib/thumb/v7e-m+fp/hard/libc_nano.a(lib_a-fstatr.o)
 .comment       0x00000046       0x24 /usr/lib/gcc/arm-none-eabi/13.2.0/../../../../arm-none-eabi/lib/thumb/v7e-m+fp/hard/libc_nano.a(lib_a-isattyr.o)
 .comment       0x00000046       0x24 /usr/lib/gcc/arm-none-eabi/13.2.0/thumb/v7e-m+fp/hard/crtend.o

.debug_info     0x00000000    0x32922
 .debug_info    0x00000000     0x24b7 build/main.o
 .debug_info    0x000024b7      0x7a7 build/stm32f3xx_it.o
 .debug_info    0x00002c5e     0x1417 build/stm32f3xx_hal_msp.o
 .debug_info    0x00004075     0x532b build/stm32f3xx_hal_uart.o
 .debug_info    0x000093a0      0x8d3 build/stm32f3xx_hal.o
 .debug_info    0x00009c73     0x1661 build/stm32f3xx_hal_rcc.o
 .debug_info    0x0000b2d4      0x66e build/stm32f3xx_hal_rcc_ex.o
 .debug_info    0x0000b942      0x824 build/stm32f3xx_hal_gpio.o
 .debug_info    0x0000c166      0xe40 build/stm32f3xx_hal_cortex.o
 .debug_info    0x0000cfa6     0x46b5 build/stm32f3xx_hal_i2c.o
 .debug_info    0x0001165b      0xa58 build/stm32f3xx_hal_i2c_ex.o
 .debug_info    0x000120b3      0x47d build/system_stm32f3xx.o
 .debug_info    0x00012530      0x18c build/sysmem.o
 .debug_info    0x000126bc      0x848 build/syscalls.o
 .debug_info    0x00012f04      0x2ab build/freertos.o
 .debug_info    0x000131af      0xbe2 build/stm32f3xx_hal_timebase_tim.o
 .debug_info    0x00013d91     0x423b build/stm32f3xx_hal_tim.o
 .debug_info    0x00017fcc     0x1e4b build/stm32f3xx_hal_tim_ex.o
 .debug_info    0x00019e17      0x309 build/list.o
 .debug_info    0x0001a120     0x23f6 build/queue.o
 .debug_info    0x0001c516     0x29c7 build/tasks.o
 .debug_info    0x0001eedd      0x493 build/heap_4.o
 .debug_info    0x0001f370      0x5c2 build/port.o
 .debug_info    0x0001f932     0x26f2 build/cmsis_os.o
 .debug_info    0x00022024     0x2335 build/stm32f3xx_hal_spi.o
 .debug_info    0x00024359       0x30 build/startup_stm32f303x8.o
 .debug_info    0x00024389      0x75b /usr/lib/gcc/arm-none-eabi/13.2.0/../../../../arm-none-eabi/lib/thumb/v7e-m+fp/hard/libc_nano.a(lib_a-errno.o)
 .debug_info    0x00024ae4      0x806 /usr/lib/gcc/arm-none-eabi/13.2.0/../../../../arm-none-eabi/lib/thumb/v7e-m+fp/hard/libc_nano.a(lib_a-impure.o)
 .debug_info    0x000252ea      0x10b /usr/lib/gcc/arm-none-eabi/13.2.0/../../../../arm-none-eabi/lib/thumb/v7e-m+fp/hard/libc_nano.a(lib_a-init.o)
 .debug_info    0x000253f5      0x121 /usr/lib/gcc/arm-none-eabi/13.2.0/../../../../arm-none-eabi/lib/thumb/v7e-m+fp/hard/libc_nano.a(lib_a-memcpy-stub.o)
 .debug_info    0x00025516       0xe0 /usr/lib/gcc/arm-none-eabi/13.2.0/../../../../arm-none-eabi/lib/thumb/v7e-m+fp/hard/libc_nano.a(lib_a-memset.o)
 .debug_info    0x000255f6      0x8da /usr/lib/gcc/arm-none-eabi/13.2.0/../../../../arm-none-eabi/lib/thumb/v7e-m+fp/hard/libc_nano.a(lib_a-printf.o)
 .debug_info    0x00025ed0      0xff1 /usr/lib/gcc/arm-none-eabi/13.2.0/../../../../arm-none-eabi/lib/thumb/v7e-m+fp/hard/libc_nano.a(lib_a-findfp.o)
 .debug_info    0x00026ec1      0x899 /usr/lib/gcc/arm-none-eabi/13.2.0/../../../../arm-none-eabi/lib/thumb/v7e-m+fp/hard/libc_nano.a(lib_a-fwalk.o)
 .debug_info    0x0002775a      0x21a /usr/lib/gcc/arm-none-eabi/13.2.0/../../../../arm-none-eabi/lib/thumb/v7e-m+fp/hard/libc_nano.a(lib_a-lock.o)
 .debug_info    0x00027974      0xa02 /usr/lib/gcc/arm-none-eabi/13.2.0/../../../../arm-none-eabi/lib/thumb/v7e-m+fp/hard/libc_nano.a(lib_a-nano-mallocr.o)
 .debug_info    0x00028376     0x1176 /usr/lib/gcc/arm-none-eabi/13.2.0/../../../../arm-none-eabi/lib/thumb/v7e-m+fp/hard/libc_nano.a(lib_a-nano-vfprintf.o)
 .debug_info    0x000294ec      0xe42 /usr/lib/gcc/arm-none-eabi/13.2.0/../../../../arm-none-eabi/lib/thumb/v7e-m+fp/hard/libc_nano.a(lib_a-nano-vfprintf_i.o)
 .debug_info    0x0002a32e      0x7dc /usr/lib/gcc/arm-none-eabi/13.2.0/../../../../arm-none-eabi/lib/thumb/v7e-m+fp/hard/libc_nano.a(lib_a-sbrkr.o)
 .debug_info    0x0002ab0a      0xab4 /usr/lib/gcc/arm-none-eabi/13.2.0/../../../../arm-none-eabi/lib/thumb/v7e-m+fp/hard/libc_nano.a(lib_a-stdio.o)
 .debug_info    0x0002b5be      0x95d /usr/lib/gcc/arm-none-eabi/13.2.0/../../../../arm-none-eabi/lib/thumb/v7e-m+fp/hard/libc_nano.a(lib_a-wbuf.o)
 .debug_info    0x0002bf1b      0x813 /usr/lib/gcc/arm-none-eabi/13.2.0/../../../../arm-none-eabi/lib/thumb/v7e-m+fp/hard/libc_nano.a(lib_a-writer.o)
 .debug_info    0x0002c72e      0x8b9 /usr/lib/gcc/arm-none-eabi/13.2.0/../../../../arm-none-eabi/lib/thumb/v7e-m+fp/hard/libc_nano.a(lib_a-wsetup.o)
 .debug_info    0x0002cfe7      0x7b7 /usr/lib/gcc/arm-none-eabi/13.2.0/../../../../arm-none-eabi/lib/thumb/v7e-m+fp/hard/libc_nano.a(lib_a-closer.o)
 .debug_info    0x0002d79e      0xa9e /usr/lib/gcc/arm-none-eabi/13.2.0/../../../../arm-none-eabi/lib/thumb/v7e-m+fp/hard/libc_nano.a(lib_a-fflush.o)
 .debug_info    0x0002e23c      0x7f6 /usr/lib/gcc/arm-none-eabi/13.2.0/../../../../arm-none-eabi/lib/thumb/v7e-m+fp/hard/libc_nano.a(lib_a-lseekr.o)
 .debug_info    0x0002ea32      0xb8b /usr/lib/gcc/arm-none-eabi/13.2.0/../../../../arm-none-eabi/lib/thumb/v7e-m+fp/hard/libc_nano.a(lib_a-makebuf.o)
 .debug_info    0x0002f5bd       0x25 /usr/lib/gcc/arm-none-eabi/13.2.0/../../../../arm-none-eabi/lib/thumb/v7e-m+fp/hard/libc_nano.a(lib_a-memchr.o)
 .debug_info    0x0002f5e2      0x7cb /usr/lib/gcc/arm-none-eabi/13.2.0/../../../../arm-none-eabi/lib/thumb/v7e-m+fp/hard/libc_nano.a(lib_a-mlock.o)
 .debug_info    0x0002fdad      0x8a6 /usr/lib/gcc/arm-none-eabi/13.2.0/../../../../arm-none-eabi/lib/thumb/v7e-m+fp/hard/libc_nano.a(lib_a-nano-freer.o)
 .debug_info    0x00030653      0x80d /usr/lib/gcc/arm-none-eabi/13.2.0/../../../../arm-none-eabi/lib/thumb/v7e-m+fp/hard/libc_nano.a(lib_a-readr.o)
 .debug_info    0x00030e60      0x936 /usr/lib/gcc/arm-none-eabi/13.2.0/../../../../arm-none-eabi/lib/thumb/v7e-m+fp/hard/libc_nano.a(lib_a-reent.o)
 .debug_info    0x00031796      0x9d5 /usr/lib/gcc/arm-none-eabi/13.2.0/../../../../arm-none-eabi/lib/thumb/v7e-m+fp/hard/libc_nano.a(lib_a-fstatr.o)
 .debug_info    0x0003216b      0x7b7 /usr/lib/gcc/arm-none-eabi/13.2.0/../../../../arm-none-eabi/lib/thumb/v7e-m+fp/hard/libc_nano.a(lib_a-isattyr.o)

.debug_abbrev   0x00000000     0x718e
 .debug_abbrev  0x00000000      0x35e build/main.o
 .debug_abbrev  0x0000035e      0x17d build/stm32f3xx_it.o
 .debug_abbrev  0x000004db      0x1fc build/stm32f3xx_hal_msp.o
 .debug_abbrev  0x000006d7      0x334 build/stm32f3xx_hal_uart.o
 .debug_abbrev  0x00000a0b      0x245 build/stm32f3xx_hal.o
 .debug_abbrev  0x00000c50      0x353 build/stm32f3xx_hal_rcc.o
 .debug_abbrev  0x00000fa3      0x266 build/stm32f3xx_hal_rcc_ex.o
 .debug_abbrev  0x00001209      0x222 build/stm32f3xx_hal_gpio.o
 .debug_abbrev  0x0000142b      0x3aa build/stm32f3xx_hal_cortex.o
 .debug_abbrev  0x000017d5      0x2e4 build/stm32f3xx_hal_i2c.o
 .debug_abbrev  0x00001ab9      0x1b5 build/stm32f3xx_hal_i2c_ex.o
 .debug_abbrev  0x00001c6e      0x11b build/system_stm32f3xx.o
 .debug_abbrev  0x00001d89       0xeb build/sysmem.o
 .debug_abbrev  0x00001e74      0x1e3 build/syscalls.o
 .debug_abbrev  0x00002057       0xcc build/freertos.o
 .debug_abbrev  0x00002123      0x22d build/stm32f3xx_hal_timebase_tim.o
 .debug_abbrev  0x00002350      0x2bd build/stm32f3xx_hal_tim.o
 .debug_abbrev  0x0000260d      0x2b7 build/stm32f3xx_hal_tim_ex.o
 .debug_abbrev  0x000028c4      0x124 build/list.o
 .debug_abbrev  0x000029e8      0x454 build/queue.o
 .debug_abbrev  0x00002e3c      0x3dd build/tasks.o
 .debug_abbrev  0x00003219      0x267 build/heap_4.o
 .debug_abbrev  0x00003480      0x2af build/port.o
 .debug_abbrev  0x0000372f      0x3f2 build/cmsis_os.o
 .debug_abbrev  0x00003b21      0x2b9 build/stm32f3xx_hal_spi.o
 .debug_abbrev  0x00003dda       0x1d build/startup_stm32f303x8.o
 .debug_abbrev  0x00003df7      0x15e /usr/lib/gcc/arm-none-eabi/13.2.0/../../../../arm-none-eabi/lib/thumb/v7e-m+fp/hard/libc_nano.a(lib_a-errno.o)
 .debug_abbrev  0x00003f55      0x15a /usr/lib/gcc/arm-none-eabi/13.2.0/../../../../arm-none-eabi/lib/thumb/v7e-m+fp/hard/libc_nano.a(lib_a-impure.o)
 .debug_abbrev  0x000040af       0xc9 /usr/lib/gcc/arm-none-eabi/13.2.0/../../../../arm-none-eabi/lib/thumb/v7e-m+fp/hard/libc_nano.a(lib_a-init.o)
 .debug_abbrev  0x00004178       0xc1 /usr/lib/gcc/arm-none-eabi/13.2.0/../../../../arm-none-eabi/lib/thumb/v7e-m+fp/hard/libc_nano.a(lib_a-memcpy-stub.o)
 .debug_abbrev  0x00004239       0x9e /usr/lib/gcc/arm-none-eabi/13.2.0/../../../../arm-none-eabi/lib/thumb/v7e-m+fp/hard/libc_nano.a(lib_a-memset.o)
 .debug_abbrev  0x000042d7      0x23a /usr/lib/gcc/arm-none-eabi/13.2.0/../../../../arm-none-eabi/lib/thumb/v7e-m+fp/hard/libc_nano.a(lib_a-printf.o)
 .debug_abbrev  0x00004511      0x398 /usr/lib/gcc/arm-none-eabi/13.2.0/../../../../arm-none-eabi/lib/thumb/v7e-m+fp/hard/libc_nano.a(lib_a-findfp.o)
 .debug_abbrev  0x000048a9      0x19f /usr/lib/gcc/arm-none-eabi/13.2.0/../../../../arm-none-eabi/lib/thumb/v7e-m+fp/hard/libc_nano.a(lib_a-fwalk.o)
 .debug_abbrev  0x00004a48      0x115 /usr/lib/gcc/arm-none-eabi/13.2.0/../../../../arm-none-eabi/lib/thumb/v7e-m+fp/hard/libc_nano.a(lib_a-lock.o)
 .debug_abbrev  0x00004b5d      0x2b3 /usr/lib/gcc/arm-none-eabi/13.2.0/../../../../arm-none-eabi/lib/thumb/v7e-m+fp/hard/libc_nano.a(lib_a-nano-mallocr.o)
 .debug_abbrev  0x00004e10      0x317 /usr/lib/gcc/arm-none-eabi/13.2.0/../../../../arm-none-eabi/lib/thumb/v7e-m+fp/hard/libc_nano.a(lib_a-nano-vfprintf.o)
 .debug_abbrev  0x00005127      0x28e /usr/lib/gcc/arm-none-eabi/13.2.0/../../../../arm-none-eabi/lib/thumb/v7e-m+fp/hard/libc_nano.a(lib_a-nano-vfprintf_i.o)
 .debug_abbrev  0x000053b5      0x1da /usr/lib/gcc/arm-none-eabi/13.2.0/../../../../arm-none-eabi/lib/thumb/v7e-m+fp/hard/libc_nano.a(lib_a-sbrkr.o)
 .debug_abbrev  0x0000558f      0x221 /usr/lib/gcc/arm-none-eabi/13.2.0/../../../../arm-none-eabi/lib/thumb/v7e-m+fp/hard/libc_nano.a(lib_a-stdio.o)
 .debug_abbrev  0x000057b0      0x22e /usr/lib/gcc/arm-none-eabi/13.2.0/../../../../arm-none-eabi/lib/thumb/v7e-m+fp/hard/libc_nano.a(lib_a-wbuf.o)
 .debug_abbrev  0x000059de      0x1b5 /usr/lib/gcc/arm-none-eabi/13.2.0/../../../../arm-none-eabi/lib/thumb/v7e-m+fp/hard/libc_nano.a(lib_a-writer.o)
 .debug_abbrev  0x00005b93      0x1d9 /usr/lib/gcc/arm-none-eabi/13.2.0/../../../../arm-none-eabi/lib/thumb/v7e-m+fp/hard/libc_nano.a(lib_a-wsetup.o)
 .debug_abbrev  0x00005d6c      0x1b0 /usr/lib/gcc/arm-none-eabi/13.2.0/../../../../arm-none-eabi/lib/thumb/v7e-m+fp/hard/libc_nano.a(lib_a-closer.o)
 .debug_abbrev  0x00005f1c      0x2a7 /usr/lib/gcc/arm-none-eabi/13.2.0/../../../../arm-none-eabi/lib/thumb/v7e-m+fp/hard/libc_nano.a(lib_a-fflush.o)
 .debug_abbrev  0x000061c3      0x1c4 /usr/lib/gcc/arm-none-eabi/13.2.0/../../../../arm-none-eabi/lib/thumb/v7e-m+fp/hard/libc_nano.a(lib_a-lseekr.o)
 .debug_abbrev  0x00006387      0x2a3 /usr/lib/gcc/arm-none-eabi/13.2.0/../../../../arm-none-eabi/lib/thumb/v7e-m+fp/hard/libc_nano.a(lib_a-makebuf.o)
 .debug_abbrev  0x0000662a       0x14 /usr/lib/gcc/arm-none-eabi/13.2.0/../../../../arm-none-eabi/lib/thumb/v7e-m+fp/hard/libc_nano.a(lib_a-memchr.o)
 .debug_abbrev  0x0000663e      0x1bf /usr/lib/gcc/arm-none-eabi/13.2.0/../../../../arm-none-eabi/lib/thumb/v7e-m+fp/hard/libc_nano.a(lib_a-mlock.o)
 .debug_abbrev  0x000067fd      0x23b /usr/lib/gcc/arm-none-eabi/13.2.0/../../../../arm-none-eabi/lib/thumb/v7e-m+fp/hard/libc_nano.a(lib_a-nano-freer.o)
 .debug_abbrev  0x00006a38      0x1b0 /usr/lib/gcc/arm-none-eabi/13.2.0/../../../../arm-none-eabi/lib/thumb/v7e-m+fp/hard/libc_nano.a(lib_a-readr.o)
 .debug_abbrev  0x00006be8      0x233 /usr/lib/gcc/arm-none-eabi/13.2.0/../../../../arm-none-eabi/lib/thumb/v7e-m+fp/hard/libc_nano.a(lib_a-reent.o)
 .debug_abbrev  0x00006e1b      0x1c3 /usr/lib/gcc/arm-none-eabi/13.2.0/../../../../arm-none-eabi/lib/thumb/v7e-m+fp/hard/libc_nano.a(lib_a-fstatr.o)
 .debug_abbrev  0x00006fde      0x1b0 /usr/lib/gcc/arm-none-eabi/13.2.0/../../../../arm-none-eabi/lib/thumb/v7e-m+fp/hard/libc_nano.a(lib_a-isattyr.o)

.debug_loc      0x00000000    0x209ad
 .debug_loc     0x00000000      0x481 build/main.o
 .debug_loc     0x00000481       0x20 build/stm32f3xx_it.o
 .debug_loc     0x000004a1      0x315 build/stm32f3xx_hal_msp.o
 .debug_loc     0x000007b6     0x5255 build/stm32f3xx_hal_uart.o
 .debug_loc     0x00005a0b      0x1f9 build/stm32f3xx_hal.o
 .debug_loc     0x00005c04      0xf05 build/stm32f3xx_hal_rcc.o
 .debug_loc     0x00006b09      0x801 build/stm32f3xx_hal_rcc_ex.o
 .debug_loc     0x0000730a      0x499 build/stm32f3xx_hal_gpio.o
 .debug_loc     0x000077a3      0x8b4 build/stm32f3xx_hal_cortex.o
 .debug_loc     0x00008057     0x649d build/stm32f3xx_hal_i2c.o
 .debug_loc     0x0000e4f4      0x243 build/stm32f3xx_hal_i2c_ex.o
 .debug_loc     0x0000e737      0x14d build/system_stm32f3xx.o
 .debug_loc     0x0000e884       0x90 build/sysmem.o
 .debug_loc     0x0000e914      0x583 build/syscalls.o
 .debug_loc     0x0000ee97      0x15d build/stm32f3xx_hal_timebase_tim.o
 .debug_loc     0x0000eff4     0x65d0 build/stm32f3xx_hal_tim.o
 .debug_loc     0x000155c4     0x26fb build/stm32f3xx_hal_tim_ex.o
 .debug_loc     0x00017cbf       0xeb build/list.o
 .debug_loc     0x00017daa     0x1a97 build/queue.o
 .debug_loc     0x00019841     0x22b4 build/tasks.o
 .debug_loc     0x0001baf5      0x3f3 build/heap_4.o
 .debug_loc     0x0001bee8      0x1c6 build/port.o
 .debug_loc     0x0001c0ae     0x1bc6 build/cmsis_os.o
 .debug_loc     0x0001dc74     0x2d39 build/stm32f3xx_hal_spi.o

.debug_aranges  0x00000000     0x1b80
 .debug_aranges
                0x00000000       0x78 build/main.o
 .debug_aranges
                0x00000078       0x50 build/stm32f3xx_it.o
 .debug_aranges
                0x000000c8       0x50 build/stm32f3xx_hal_msp.o
 .debug_aranges
                0x00000118      0x228 build/stm32f3xx_hal_uart.o
 .debug_aranges
                0x00000340       0xe0 build/stm32f3xx_hal.o
 .debug_aranges
                0x00000420       0x88 build/stm32f3xx_hal_rcc.o
 .debug_aranges
                0x000004a8       0x38 build/stm32f3xx_hal_rcc_ex.o
 .debug_aranges
                0x000004e0       0x58 build/stm32f3xx_hal_gpio.o
 .debug_aranges
                0x00000538       0xc0 build/stm32f3xx_hal_cortex.o
 .debug_aranges
                0x000005f8      0x2a0 build/stm32f3xx_hal_i2c.o
 .debug_aranges
                0x00000898       0x48 build/stm32f3xx_hal_i2c_ex.o
 .debug_aranges
                0x000008e0       0x28 build/system_stm32f3xx.o
 .debug_aranges
                0x00000908       0x20 build/sysmem.o
 .debug_aranges
                0x00000928       0xa8 build/syscalls.o
 .debug_aranges
                0x000009d0       0x20 build/freertos.o
 .debug_aranges
                0x000009f0       0x30 build/stm32f3xx_hal_timebase_tim.o
 .debug_aranges
                0x00000a20      0x3e0 build/stm32f3xx_hal_tim.o
 .debug_aranges
                0x00000e00      0x178 build/stm32f3xx_hal_tim_ex.o
 .debug_aranges
                0x00000f78       0x40 build/list.o
 .debug_aranges
                0x00000fb8      0x108 build/queue.o
 .debug_aranges
                0x000010c0      0x1a8 build/tasks.o
 .debug_aranges
                0x00001268       0x50 build/heap_4.o
 .debug_aranges
                0x000012b8       0x80 build/port.o
 .debug_aranges
                0x00001338      0x1d8 build/cmsis_os.o
 .debug_aranges
                0x00001510      0x1d8 build/stm32f3xx_hal_spi.o
 .debug_aranges
                0x000016e8       0x28 build/startup_stm32f303x8.o
 .debug_aranges
                0x00001710       0x20 /usr/lib/gcc/arm-none-eabi/13.2.0/../../../../arm-none-eabi/lib/thumb/v7e-m+fp/hard/libc_nano.a(lib_a-errno.o)
 .debug_aranges
                0x00001730       0x18 /usr/lib/gcc/arm-none-eabi/13.2.0/../../../../arm-none-eabi/lib/thumb/v7e-m+fp/hard/libc_nano.a(lib_a-impure.o)
 .debug_aranges
                0x00001748       0x20 /usr/lib/gcc/arm-none-eabi/13.2.0/../../../../arm-none-eabi/lib/thumb/v7e-m+fp/hard/libc_nano.a(lib_a-init.o)
 .debug_aranges
                0x00001768       0x20 /usr/lib/gcc/arm-none-eabi/13.2.0/../../../../arm-none-eabi/lib/thumb/v7e-m+fp/hard/libc_nano.a(lib_a-memcpy-stub.o)
 .debug_aranges
                0x00001788       0x20 /usr/lib/gcc/arm-none-eabi/13.2.0/../../../../arm-none-eabi/lib/thumb/v7e-m+fp/hard/libc_nano.a(lib_a-memset.o)
 .debug_aranges
                0x000017a8       0x28 /usr/lib/gcc/arm-none-eabi/13.2.0/../../../../arm-none-eabi/lib/thumb/v7e-m+fp/hard/libc_nano.a(lib_a-printf.o)
 .debug_aranges
                0x000017d0       0x88 /usr/lib/gcc/arm-none-eabi/13.2.0/../../../../arm-none-eabi/lib/thumb/v7e-m+fp/hard/libc_nano.a(lib_a-findfp.o)
 .debug_aranges
                0x00001858       0x28 /usr/lib/gcc/arm-none-eabi/13.2.0/../../../../arm-none-eabi/lib/thumb/v7e-m+fp/hard/libc_nano.a(lib_a-fwalk.o)
 .debug_aranges
                0x00001880       0x28 /usr/lib/gcc/arm-none-eabi/13.2.0/../../../../arm-none-eabi/lib/thumb/v7e-m+fp/hard/libc_nano.a(lib_a-lock.o)
 .debug_aranges
                0x000018a8       0x20 /usr/lib/gcc/arm-none-eabi/13.2.0/../../../../arm-none-eabi/lib/thumb/v7e-m+fp/hard/libc_nano.a(lib_a-nano-mallocr.o)
 .debug_aranges
                0x000018c8       0x40 /usr/lib/gcc/arm-none-eabi/13.2.0/../../../../arm-none-eabi/lib/thumb/v7e-m+fp/hard/libc_nano.a(lib_a-nano-vfprintf.o)
 .debug_aranges
                0x00001908       0x28 /usr/lib/gcc/arm-none-eabi/13.2.0/../../../../arm-none-eabi/lib/thumb/v7e-m+fp/hard/libc_nano.a(lib_a-nano-vfprintf_i.o)
 .debug_aranges
                0x00001930       0x20 /usr/lib/gcc/arm-none-eabi/13.2.0/../../../../arm-none-eabi/lib/thumb/v7e-m+fp/hard/libc_nano.a(lib_a-sbrkr.o)
 .debug_aranges
                0x00001950       0x40 /usr/lib/gcc/arm-none-eabi/13.2.0/../../../../arm-none-eabi/lib/thumb/v7e-m+fp/hard/libc_nano.a(lib_a-stdio.o)
 .debug_aranges
                0x00001990       0x28 /usr/lib/gcc/arm-none-eabi/13.2.0/../../../../arm-none-eabi/lib/thumb/v7e-m+fp/hard/libc_nano.a(lib_a-wbuf.o)
 .debug_aranges
                0x000019b8       0x20 /usr/lib/gcc/arm-none-eabi/13.2.0/../../../../arm-none-eabi/lib/thumb/v7e-m+fp/hard/libc_nano.a(lib_a-writer.o)
 .debug_aranges
                0x000019d8       0x20 /usr/lib/gcc/arm-none-eabi/13.2.0/../../../../arm-none-eabi/lib/thumb/v7e-m+fp/hard/libc_nano.a(lib_a-wsetup.o)
 .debug_aranges
                0x000019f8       0x20 /usr/lib/gcc/arm-none-eabi/13.2.0/../../../../arm-none-eabi/lib/thumb/v7e-m+fp/hard/libc_nano.a(lib_a-closer.o)
 .debug_aranges
                0x00001a18       0x30 /usr/lib/gcc/arm-none-eabi/13.2.0/../../../../arm-none-eabi/lib/thumb/v7e-m+fp/hard/libc_nano.a(lib_a-fflush.o)
 .debug_aranges
                0x00001a48       0x20 /usr/lib/gcc/arm-none-eabi/13.2.0/../../../../arm-none-eabi/lib/thumb/v7e-m+fp/hard/libc_nano.a(lib_a-lseekr.o)
 .debug_aranges
                0x00001a68       0x28 /usr/lib/gcc/arm-none-eabi/13.2.0/../../../../arm-none-eabi/lib/thumb/v7e-m+fp/hard/libc_nano.a(lib_a-makebuf.o)
 .debug_aranges
                0x00001a90       0x20 /usr/lib/gcc/arm-none-eabi/13.2.0/../../../../arm-none-eabi/lib/thumb/v7e-m+fp/hard/libc_nano.a(lib_a-memchr.o)
 .debug_aranges
                0x00001ab0       0x28 /usr/lib/gcc/arm-none-eabi/13.2.0/../../../../arm-none-eabi/lib/thumb/v7e-m+fp/hard/libc_nano.a(lib_a-mlock.o)
 .debug_aranges
                0x00001ad8       0x20 /usr/lib/gcc/arm-none-eabi/13.2.0/../../../../arm-none-eabi/lib/thumb/v7e-m+fp/hard/libc_nano.a(lib_a-nano-freer.o)
 .debug_aranges
                0x00001af8       0x20 /usr/lib/gcc/arm-none-eabi/13.2.0/../../../../arm-none-eabi/lib/thumb/v7e-m+fp/hard/libc_nano.a(lib_a-readr.o)
 .debug_aranges
                0x00001b18       0x28 /usr/lib/gcc/arm-none-eabi/13.2.0/../../../../arm-none-eabi/lib/thumb/v7e-m+fp/hard/libc_nano.a(lib_a-reent.o)
 .debug_aranges
                0x00001b40       0x20 /usr/lib/gcc/arm-none-eabi/13.2.0/../../../../arm-none-eabi/lib/thumb/v7e-m+fp/hard/libc_nano.a(lib_a-fstatr.o)
 .debug_aranges
                0x00001b60       0x20 /usr/lib/gcc/arm-none-eabi/13.2.0/../../../../arm-none-eabi/lib/thumb/v7e-m+fp/hard/libc_nano.a(lib_a-isattyr.o)

.debug_ranges   0x00000000     0x1798
 .debug_ranges  0x00000000       0x98 build/main.o
 .debug_ranges  0x00000098       0x40 build/stm32f3xx_it.o
 .debug_ranges  0x000000d8       0x40 build/stm32f3xx_hal_msp.o
 .debug_ranges  0x00000118      0x230 build/stm32f3xx_hal_uart.o
 .debug_ranges  0x00000348       0xd0 build/stm32f3xx_hal.o
 .debug_ranges  0x00000418       0x98 build/stm32f3xx_hal_rcc.o
 .debug_ranges  0x000004b0       0x28 build/stm32f3xx_hal_rcc_ex.o
 .debug_ranges  0x000004d8       0x48 build/stm32f3xx_hal_gpio.o
 .debug_ranges  0x00000520       0xb0 build/stm32f3xx_hal_cortex.o
 .debug_ranges  0x000005d0      0x290 build/stm32f3xx_hal_i2c.o
 .debug_ranges  0x00000860       0x38 build/stm32f3xx_hal_i2c_ex.o
 .debug_ranges  0x00000898       0x18 build/system_stm32f3xx.o
 .debug_ranges  0x000008b0       0x10 build/sysmem.o
 .debug_ranges  0x000008c0       0x98 build/syscalls.o
 .debug_ranges  0x00000958       0x10 build/freertos.o
 .debug_ranges  0x00000968       0x20 build/stm32f3xx_hal_timebase_tim.o
 .debug_ranges  0x00000988      0x3d0 build/stm32f3xx_hal_tim.o
 .debug_ranges  0x00000d58      0x168 build/stm32f3xx_hal_tim_ex.o
 .debug_ranges  0x00000ec0       0x30 build/list.o
 .debug_ranges  0x00000ef0      0x1c8 build/queue.o
 .debug_ranges  0x000010b8      0x268 build/tasks.o
 .debug_ranges  0x00001320       0x40 build/heap_4.o
 .debug_ranges  0x00001360       0x88 build/port.o
 .debug_ranges  0x000013e8      0x1c8 build/cmsis_os.o
 .debug_ranges  0x000015b0      0x1c8 build/stm32f3xx_hal_spi.o
 .debug_ranges  0x00001778       0x20 build/startup_stm32f303x8.o

.debug_line     0x00000000    0x1f88e
 .debug_line    0x00000000      0x849 build/main.o
 .debug_line    0x00000849      0x1e7 build/stm32f3xx_it.o
 .debug_line    0x00000a30      0x384 build/stm32f3xx_hal_msp.o
 .debug_line    0x00000db4     0x3e8c build/stm32f3xx_hal_uart.o
 .debug_line    0x00004c40      0x4c2 build/stm32f3xx_hal.o
 .debug_line    0x00005102     0x125d build/stm32f3xx_hal_rcc.o
 .debug_line    0x0000635f      0x665 build/stm32f3xx_hal_rcc_ex.o
 .debug_line    0x000069c4      0x61e build/stm32f3xx_hal_gpio.o
 .debug_line    0x00006fe2      0x62b build/stm32f3xx_hal_cortex.o
 .debug_line    0x0000760d     0x4e42 build/stm32f3xx_hal_i2c.o
 .debug_line    0x0000c44f      0x375 build/stm32f3xx_hal_i2c_ex.o
 .debug_line    0x0000c7c4      0x1e1 build/system_stm32f3xx.o
 .debug_line    0x0000c9a5      0x13c build/sysmem.o
 .debug_line    0x0000cae1      0x380 build/syscalls.o
 .debug_line    0x0000ce61      0x14d build/freertos.o
 .debug_line    0x0000cfae      0x298 build/stm32f3xx_hal_timebase_tim.o
 .debug_line    0x0000d246     0x4a44 build/stm32f3xx_hal_tim.o
 .debug_line    0x00011c8a     0x1aa3 build/stm32f3xx_hal_tim_ex.o
 .debug_line    0x0001372d      0x2fd build/list.o
 .debug_line    0x00013a2a     0x188a build/queue.o
 .debug_line    0x000152b4     0x1f17 build/tasks.o
 .debug_line    0x000171cb      0x5a8 build/heap_4.o
 .debug_line    0x00017773      0x5cb build/port.o
 .debug_line    0x00017d3e     0x1237 build/cmsis_os.o
 .debug_line    0x00018f75     0x28f7 build/stm32f3xx_hal_spi.o
 .debug_line    0x0001b86c       0x73 build/startup_stm32f303x8.o
 .debug_line    0x0001b8df      0x107 /usr/lib/gcc/arm-none-eabi/13.2.0/../../../../arm-none-eabi/lib/thumb/v7e-m+fp/hard/libc_nano.a(lib_a-errno.o)
 .debug_line    0x0001b9e6       0xe5 /usr/lib/gcc/arm-none-eabi/13.2.0/../../../../arm-none-eabi/lib/thumb/v7e-m+fp/hard/libc_nano.a(lib_a-impure.o)
 .debug_line    0x0001bacb      0x125 /usr/lib/gcc/arm-none-eabi/13.2.0/../../../../arm-none-eabi/lib/thumb/v7e-m+fp/hard/libc_nano.a(lib_a-init.o)
 .debug_line    0x0001bbf0      0x11e /usr/lib/gcc/arm-none-eabi/13.2.0/../../../../arm-none-eabi/lib/thumb/v7e-m+fp/hard/libc_nano.a(lib_a-memcpy-stub.o)
 .debug_line    0x0001bd0e      0x100 /usr/lib/gcc/arm-none-eabi/13.2.0/../../../../arm-none-eabi/lib/thumb/v7e-m+fp/hard/libc_nano.a(lib_a-memset.o)
 .debug_line    0x0001be0e      0x220 /usr/lib/gcc/arm-none-eabi/13.2.0/../../../../arm-none-eabi/lib/thumb/v7e-m+fp/hard/libc_nano.a(lib_a-printf.o)
 .debug_line    0x0001c02e      0x509 /usr/lib/gcc/arm-none-eabi/13.2.0/../../../../arm-none-eabi/lib/thumb/v7e-m+fp/hard/libc_nano.a(lib_a-findfp.o)
 .debug_line    0x0001c537      0x23a /usr/lib/gcc/arm-none-eabi/13.2.0/../../../../arm-none-eabi/lib/thumb/v7e-m+fp/hard/libc_nano.a(lib_a-fwalk.o)
 .debug_line    0x0001c771       0xc2 /usr/lib/gcc/arm-none-eabi/13.2.0/../../../../arm-none-eabi/lib/thumb/v7e-m+fp/hard/libc_nano.a(lib_a-lock.o)
 .debug_line    0x0001c833      0x318 /usr/lib/gcc/arm-none-eabi/13.2.0/../../../../arm-none-eabi/lib/thumb/v7e-m+fp/hard/libc_nano.a(lib_a-nano-mallocr.o)
 .debug_line    0x0001cb4b      0x653 /usr/lib/gcc/arm-none-eabi/13.2.0/../../../../arm-none-eabi/lib/thumb/v7e-m+fp/hard/libc_nano.a(lib_a-nano-vfprintf.o)
 .debug_line    0x0001d19e      0x686 /usr/lib/gcc/arm-none-eabi/13.2.0/../../../../arm-none-eabi/lib/thumb/v7e-m+fp/hard/libc_nano.a(lib_a-nano-vfprintf_i.o)
 .debug_line    0x0001d824      0x182 /usr/lib/gcc/arm-none-eabi/13.2.0/../../../../arm-none-eabi/lib/thumb/v7e-m+fp/hard/libc_nano.a(lib_a-sbrkr.o)
 .debug_line    0x0001d9a6      0x25b /usr/lib/gcc/arm-none-eabi/13.2.0/../../../../arm-none-eabi/lib/thumb/v7e-m+fp/hard/libc_nano.a(lib_a-stdio.o)
 .debug_line    0x0001dc01      0x265 /usr/lib/gcc/arm-none-eabi/13.2.0/../../../../arm-none-eabi/lib/thumb/v7e-m+fp/hard/libc_nano.a(lib_a-wbuf.o)
 .debug_line    0x0001de66      0x181 /usr/lib/gcc/arm-none-eabi/13.2.0/../../../../arm-none-eabi/lib/thumb/v7e-m+fp/hard/libc_nano.a(lib_a-writer.o)
 .debug_line    0x0001dfe7      0x2a9 /usr/lib/gcc/arm-none-eabi/13.2.0/../../../../arm-none-eabi/lib/thumb/v7e-m+fp/hard/libc_nano.a(lib_a-wsetup.o)
 .debug_line    0x0001e290      0x182 /usr/lib/gcc/arm-none-eabi/13.2.0/../../../../arm-none-eabi/lib/thumb/v7e-m+fp/hard/libc_nano.a(lib_a-closer.o)
 .debug_line    0x0001e412      0x40f /usr/lib/gcc/arm-none-eabi/13.2.0/../../../../arm-none-eabi/lib/thumb/v7e-m+fp/hard/libc_nano.a(lib_a-fflush.o)
 .debug_line    0x0001e821      0x181 /usr/lib/gcc/arm-none-eabi/13.2.0/../../../../arm-none-eabi/lib/thumb/v7e-m+fp/hard/libc_nano.a(lib_a-lseekr.o)
 .debug_line    0x0001e9a2      0x315 /usr/lib/gcc/arm-none-eabi/13.2.0/../../../../arm-none-eabi/lib/thumb/v7e-m+fp/hard/libc_nano.a(lib_a-makebuf.o)
 .debug_line    0x0001ecb7       0x82 /usr/lib/gcc/arm-none-eabi/13.2.0/../../../../arm-none-eabi/lib/thumb/v7e-m+fp/hard/libc_nano.a(lib_a-memchr.o)
 .debug_line    0x0001ed39      0x154 /usr/lib/gcc/arm-none-eabi/13.2.0/../../../../arm-none-eabi/lib/thumb/v7e-m+fp/hard/libc_nano.a(lib_a-mlock.o)
 .debug_line    0x0001ee8d      0x27c /usr/lib/gcc/arm-none-eabi/13.2.0/../../../../arm-none-eabi/lib/thumb/v7e-m+fp/hard/libc_nano.a(lib_a-nano-freer.o)
 .debug_line    0x0001f109      0x180 /usr/lib/gcc/arm-none-eabi/13.2.0/../../../../arm-none-eabi/lib/thumb/v7e-m+fp/hard/libc_nano.a(lib_a-readr.o)
 .debug_line    0x0001f289      0x287 /usr/lib/gcc/arm-none-eabi/13.2.0/../../../../arm-none-eabi/lib/thumb/v7e-m+fp/hard/libc_nano.a(lib_a-reent.o)
 .debug_line    0x0001f510      0x1fb /usr/lib/gcc/arm-none-eabi/13.2.0/../../../../arm-none-eabi/lib/thumb/v7e-m+fp/hard/libc_nano.a(lib_a-fstatr.o)
 .debug_line    0x0001f70b      0x183 /usr/lib/gcc/arm-none-eabi/13.2.0/../../../../arm-none-eabi/lib/thumb/v7e-m+fp/hard/libc_nano.a(lib_a-isattyr.o)

.debug_str      0x00000000     0x845e
 .debug_str     0x00000000     0x845e build/main.o
                               0x171e (size before relaxing)
 .debug_str     0x0000845e      0x71d build/stm32f3xx_it.o
 .debug_str     0x0000845e      0xe76 build/stm32f3xx_hal_msp.o
 .debug_str     0x0000845e      0xef2 build/stm32f3xx_hal_uart.o
 .debug_str     0x0000845e      0x859 build/stm32f3xx_hal.o
 .debug_str     0x0000845e      0x66f build/stm32f3xx_hal_rcc.o
 .debug_str     0x0000845e      0x466 build/stm32f3xx_hal_rcc_ex.o
 .debug_str     0x0000845e      0x494 build/stm32f3xx_hal_gpio.o
 .debug_str     0x0000845e      0x8dc build/stm32f3xx_hal_cortex.o
 .debug_str     0x0000845e      0xfc6 build/stm32f3xx_hal_i2c.o
 .debug_str     0x0000845e      0x844 build/stm32f3xx_hal_i2c_ex.o
 .debug_str     0x0000845e      0x2c7 build/system_stm32f3xx.o
 .debug_str     0x0000845e      0x212 build/sysmem.o
 .debug_str     0x0000845e      0x3e6 build/syscalls.o
 .debug_str     0x0000845e      0x2fc build/freertos.o
 .debug_str     0x0000845e      0xb7b build/stm32f3xx_hal_timebase_tim.o
 .debug_str     0x0000845e     0x16fe build/stm32f3xx_hal_tim.o
 .debug_str     0x0000845e      0xf44 build/stm32f3xx_hal_tim_ex.o
 .debug_str     0x0000845e      0x2ef build/list.o
 .debug_str     0x0000845e      0xace build/queue.o
 .debug_str     0x0000845e      0xfc3 build/tasks.o
 .debug_str     0x0000845e      0x3e3 build/heap_4.o
 .debug_str     0x0000845e      0x46b build/port.o
 .debug_str     0x0000845e     0x102c build/cmsis_os.o
 .debug_str     0x0000845e      0xbc6 build/stm32f3xx_hal_spi.o
 .debug_str     0x0000845e       0x76 build/startup_stm32f303x8.o
 .debug_str     0x0000845e      0x516 /usr/lib/gcc/arm-none-eabi/13.2.0/../../../../arm-none-eabi/lib/thumb/v7e-m+fp/hard/libc_nano.a(lib_a-errno.o)
 .debug_str     0x0000845e      0x56d /usr/lib/gcc/arm-none-eabi/13.2.0/../../../../arm-none-eabi/lib/thumb/v7e-m+fp/hard/libc_nano.a(lib_a-impure.o)
 .debug_str     0x0000845e      0x21d /usr/lib/gcc/arm-none-eabi/13.2.0/../../../../arm-none-eabi/lib/thumb/v7e-m+fp/hard/libc_nano.a(lib_a-init.o)
 .debug_str     0x0000845e      0x1e4 /usr/lib/gcc/arm-none-eabi/13.2.0/../../../../arm-none-eabi/lib/thumb/v7e-m+fp/hard/libc_nano.a(lib_a-memcpy-stub.o)
 .debug_str     0x0000845e      0x1be /usr/lib/gcc/arm-none-eabi/13.2.0/../../../../arm-none-eabi/lib/thumb/v7e-m+fp/hard/libc_nano.a(lib_a-memset.o)
 .debug_str     0x0000845e      0x55f /usr/lib/gcc/arm-none-eabi/13.2.0/../../../../arm-none-eabi/lib/thumb/v7e-m+fp/hard/libc_nano.a(lib_a-printf.o)
 .debug_str     0x0000845e      0x818 /usr/lib/gcc/arm-none-eabi/13.2.0/../../../../arm-none-eabi/lib/thumb/v7e-m+fp/hard/libc_nano.a(lib_a-findfp.o)
 .debug_str     0x0000845e      0x533 /usr/lib/gcc/arm-none-eabi/13.2.0/../../../../arm-none-eabi/lib/thumb/v7e-m+fp/hard/libc_nano.a(lib_a-fwalk.o)
 .debug_str     0x0000845e      0x34e /usr/lib/gcc/arm-none-eabi/13.2.0/../../../../arm-none-eabi/lib/thumb/v7e-m+fp/hard/libc_nano.a(lib_a-lock.o)
 .debug_str     0x0000845e      0x603 /usr/lib/gcc/arm-none-eabi/13.2.0/../../../../arm-none-eabi/lib/thumb/v7e-m+fp/hard/libc_nano.a(lib_a-nano-mallocr.o)
 .debug_str     0x0000845e      0x90c /usr/lib/gcc/arm-none-eabi/13.2.0/../../../../arm-none-eabi/lib/thumb/v7e-m+fp/hard/libc_nano.a(lib_a-nano-vfprintf.o)
 .debug_str     0x0000845e      0x7fb /usr/lib/gcc/arm-none-eabi/13.2.0/../../../../arm-none-eabi/lib/thumb/v7e-m+fp/hard/libc_nano.a(lib_a-nano-vfprintf_i.o)
 .debug_str     0x0000845e      0x525 /usr/lib/gcc/arm-none-eabi/13.2.0/../../../../arm-none-eabi/lib/thumb/v7e-m+fp/hard/libc_nano.a(lib_a-sbrkr.o)
 .debug_str     0x0000845e      0x589 /usr/lib/gcc/arm-none-eabi/13.2.0/../../../../arm-none-eabi/lib/thumb/v7e-m+fp/hard/libc_nano.a(lib_a-stdio.o)
 .debug_str     0x0000845e      0x591 /usr/lib/gcc/arm-none-eabi/13.2.0/../../../../arm-none-eabi/lib/thumb/v7e-m+fp/hard/libc_nano.a(lib_a-wbuf.o)
 .debug_str     0x0000845e      0x522 /usr/lib/gcc/arm-none-eabi/13.2.0/../../../../arm-none-eabi/lib/thumb/v7e-m+fp/hard/libc_nano.a(lib_a-writer.o)
 .debug_str     0x0000845e      0x58c /usr/lib/gcc/arm-none-eabi/13.2.0/../../../../arm-none-eabi/lib/thumb/v7e-m+fp/hard/libc_nano.a(lib_a-wsetup.o)
 .debug_str     0x0000845e      0x512 /usr/lib/gcc/arm-none-eabi/13.2.0/../../../../arm-none-eabi/lib/thumb/v7e-m+fp/hard/libc_nano.a(lib_a-closer.o)